   Compiling quiche v0.25.0 (/work/reference-code/quiche-pipestream/quiche)
    Finished `test` profile [unoptimized + debuginfo] target(s) in 3.25s
     Running unittests src/lib.rs (target/debug/deps/quiche-1cf166e39ffda5f0)

running 949 tests
test flowcontrol::tests::max_data ... ok
test ffi::tests::addr_v4 ... ok
test flowcontrol::tests::update_max_data ... ok
test crypto::tests::derive_chacha20_secrets ... ok
test frame::tests::application_close ... ok
test frame::tests::connection_close ... ok
test frame::tests::ack_ecn ... ok
test cid::tests::ids_new_scids ... ok
test cid::tests::retire_scids ... ok
test frame::tests::data_blocked ... ok
test frame::tests::datagram ... ok
test frame::tests::crypto ... ok
test flowcontrol::tests::autotune_window ... ok
test cid::tests::new_dcid_event ... ok
test ffi::tests::addr_v6 ... ok
test cid::tests::new_dcid_partial_retire_prior_to ... ok
test frame::tests::handshake_done ... ok
test flowcontrol::tests::should_update_max_data ... ok
test frame::tests::max_stream_data ... ok
test flowcontrol::tests::ensure_window_lower_bound ... ok
test frame::tests::max_data ... ok
test flowcontrol::tests::max_data_next ... ok
test frame::tests::new_connection_id ... ok
test frame::tests::new_token ... ok
test frame::tests::padding ... ok
test frame::tests::ack ... ok
test frame::tests::max_streams_bidi ... ok
test frame::tests::path_challenge ... ok
test crypto::tests::derive_initial_secrets_v1 ... ok
test frame::tests::path_response ... ok
test frame::tests::max_streams_uni ... ok
test cid::tests::new_dcid_reordered ... ok
test frame::tests::ping ... ok
test frame::tests::reset_stream ... ok
test frame::tests::retire_connection_id ... ok
test frame::tests::stop_sending ... ok
test frame::tests::stream ... ok
test frame::tests::stream_data_blocked ... ok
test frame::tests::stream_too_big ... ok
test frame::tests::streams_blocked_bidi ... ok
test frame::tests::streams_blocked_uni ... ok
test h3::frame::tests::cancel_push ... ok
test h3::frame::tests::data ... ok
test h3::frame::tests::goaway ... ok
test h3::frame::tests::headers ... ok
test h3::frame::tests::max_push_id ... ok
test h3::frame::tests::priority_update_push ... ok
test h3::frame::tests::priority_update_request ... ok
test h3::frame::tests::push_promise ... ok
test h3::frame::tests::settings_all_grease ... ok
test h3::frame::tests::settings_all_no_grease ... ok
test h3::frame::tests::settings_h2_prohibited ... ok
test h3::frame::tests::settings_h3_connect_protocol_enabled ... ok
test h3::frame::tests::settings_h3_connect_protocol_enabled_bad ... ok
test h3::frame::tests::settings_h3_dgram_bad ... ok
test h3::frame::tests::settings_h3_dgram_only ... ok
test h3::frame::tests::settings_h3_only ... ok
test h3::frame::tests::settings_qpack_only ... ok
test h3::frame::tests::settings_too_big ... ok
test h3::frame::tests::unknown_type ... ok
test h3::qpack::decoder::tests::decode_int1 ... ok
test h3::qpack::decoder::tests::decode_int2 ... ok
test h3::qpack::decoder::tests::decode_int3 ... ok
test h3::qpack::encoder::tests::encode_int1 ... ok
test h3::qpack::encoder::tests::encode_int2 ... ok
test h3::qpack::encoder::tests::encode_int3 ... ok
test h3::qpack::encoder::tests::encode_static_header ... ok
test h3::qpack::encoder::tests::encode_static_header_name_only ... ok
test h3::qpack::tests::extended_ascii_range ... ok
test h3::qpack::tests::lower_ascii_range ... ok
test h3::qpack::tests::encode_decode ... ok
test h3::qpack::tests::lower_case ... ok
test h3::stream::tests::additional_headers ... ok
test h3::stream::tests::control_bad_frame ... ok
test h3::stream::tests::control_bad_late_settings ... ok
test h3::stream::tests::control_bad_multiple_settings ... ok
test h3::stream::tests::control_empty_settings ... ok
test h3::stream::tests::control_good ... ok
test h3::stream::tests::data_before_headers ... ok
test h3::stream::tests::grease ... ok
test h3::stream::tests::push_good ... ok
test h3::stream::tests::request_good ... ok
test h3::stream::tests::request_no_data ... ok
test h3::stream::tests::zero_length_cancel_push ... ok
test h3::stream::tests::zero_length_goaway ... ok
test h3::stream::tests::zero_length_max_push_id ... ok
test h3::stream::tests::zero_length_push_promise ... ok
test h3::tests::grease_value_in_varint_limit ... ok
test h3::tests::close_control_stream_after_type ... ok
test h3::tests::close_qpack_stream_after_type ... ok
test h3::tests::cancel_push_from_server ... ok
test h3::tests::cancel_push_from_client ... ok
test h3::tests::close_qpack_stream_after_data ... ok
test h3::tests::dgram_setting_no_tp ... ok
test h3::tests::client_request_after_goaway ... ok
test h3::tests::cancel_push_from_client_bad_stream ... ok
test h3::tests::client_shutdown_write_server_fin ... ok
test h3::tests::client_shutdown_read ... ok
test h3::tests::goaway_from_server_increase_id ... ok
test h3::tests::dgram_event_rearm ... ok
test h3::tests::data_after_trailers_client ... ok
test h3::tests::data_event_rearm ... ok
test h3::tests::h3_handshake_0rtt ... ok
test h3::tests::data_before_headers ... ok
test h3::tests::dgram_setting ... ok
test h3::tests::additional_headers_before_data_client ... ok
test h3::tests::goaway_from_server_good ... ok
test h3::tests::goaway_from_server_invalid_id ... ok
test h3::tests::informational_response ... ok
test h3::tests::max_push_id_from_client_good ... ok
test h3::tests::empty_settings ... ok
test h3::tests::headers_blocked_on_conn ... ok
test h3::tests::goaway_from_client_good ... ok
test h3::tests::max_push_id_from_client_bad_stream ... ok
test h3::tests::many_requests_many_chunks_response_one_chunk ... ok
test h3::tests::headers_blocked ... ok
test h3::tests::finished_once ... ok
test h3::tests::close_control_stream_after_frame ... ok
test h3::tests::finished_is_for_requests ... ok
test h3::tests::body_response_before_headers ... ok
test h3::tests::poll_datagram_single_read ... ok
test h3::tests::max_push_id_from_server ... ok
test h3::tests::multiple_dgram ... ok
test h3::tests::open_multiple_control_streams ... ok
test h3::tests::poll_after_error ... ok
test h3::tests::multiple_dgram_overflow ... ok
test h3::tests::no_send_additional_before_initial_response ... ok
test h3::tests::priority_update_push_from_server ... ok
test h3::tests::poll_datagram_cycling_no_read ... ok
test h3::tests::priority_update_push ... ok
test h3::tests::priority_update_push_bad_stream ... ok
test h3::tests::priority_update_request ... ok
test h3::tests::no_multiple_response ... ok
test h3::tests::max_push_id_from_client_limit_reduction ... ok
test h3::tests::priority_update_request_collected_completed ... ok
test h3::tests::poll_datagram_multi_read ... ok
test h3::tests::priority_update_request_collected_stopped ... ok
test h3::tests::priority_update_request_multiple_stream_arm_multiple_flights ... ok
test h3::tests::set_prohibited_additional_settings ... ok
test h3::tests::qpack_data ... ok
test h3::tests::priority_update_request_from_server ... ok
test h3::tests::priority_update_request_multiple_stream_arm_single_flight ... ok
test h3::tests::push_promise_from_client ... ok
test h3::tests::priority_update_request_bad_stream ... ok
test h3::tests::uni_stream_local_counting ... ok
test h3::tests::request_no_body_response_no_body ... ok
test minmax::tests::get_windowed_max_bandwidth ... ok
test minmax::tests::get_windowed_max_estimates_bandwidth ... ok
test h3::tests::request_many_chunks_response_no_body ... ok
test minmax::tests::get_windowed_max_estimates_rtt ... ok
test minmax::tests::get_windowed_max_rtt ... ok
test minmax::tests::get_windowed_min_bandwidth ... ok
test minmax::tests::get_windowed_min_estimates_bandwidth ... ok
test minmax::tests::get_windowed_min_estimates_rtt ... ok
test minmax::tests::get_windowed_min_rtt ... ok
test minmax::tests::reset_filter_bandwidth ... ok
test minmax::tests::reset_filter_rtt ... ok
test packet::tests::application ... ok
test packet::tests::arm_skip_counter_only_after_verifying_prev_skip_pn ... ok
test packet::tests::arm_skip_counter_only_after_handshake_complete ... ok
test packet::tests::decrypt_chacha20 ... ok
test packet::tests::decrypt_pkt_too_small ... ok
test packet::tests::decrypt_pkt_underflow ... ok
test packet::tests::decrypt_server_initial_v1 ... ok
test packet::tests::encrypt_chacha20 ... ok
test packet::tests::encrypt_client_initial_v1 ... ok
test packet::tests::encrypt_server_initial_v1 ... ok
test packet::tests::handshake ... ok
test packet::tests::initial ... ok
test packet::tests::initial_non_v1_scid_long ... ok
test packet::tests::initial_v1_dcid_too_long ... ok
test packet::tests::initial_v1_scid_too_long ... ok
test packet::tests::only_skip_after_handshake_complete ... ok
test packet::tests::pkt_num_encode_decode ... ok
test packet::tests::pkt_num_window ... ok
test packet::tests::retry ... ok
test packet::tests::skip_pn ... ok
test packet::tests::track_largest_packet_sent ... ok
test packet::tests::decrypt_client_initial_v1 ... ok
test h3::tests::priority_update_single_stream_rearm ... ok
test h3::tests::request_no_body_response_many_chunks ... ok
test pmtud::tests::pmtud_binary_search_algorithm ... ok
test pmtud::tests::pmtud_binary_search_no_slowdown ... ok
test h3::tests::request_max_header_size_limit ... ok
test pmtud::tests::pmtud_convergence_with_intermittent_loss ... ok
test pmtud::tests::pmtud_failure_at_min_plpmtu ... ok
test pmtud::tests::pmtud_in_flight_cleared_on_all_outcomes ... ok
test pmtud::tests::pmtud_initial_state ... ok
test pmtud::tests::pmtud_max_probes_set_to_provided_value ... ok
test pmtud::tests::pmtud_max_probes_zero_uses_default ... ok
test pmtud::tests::pmtud_confirms_failure_after_max_probes ... ok
test pmtud::tests::pmtud_revalidation_failure_binary_searches_not_restarts ... ok
test pmtud::tests::pmtud_revalidation_tolerates_random_packet_loss ... ok
test pmtud::tests::pmtud_successful_probe ... ok
test pmtud::tests::pmtud_tolerates_initial_packet_loss ... ok
test pmtud::tests::test_pmtu_equal_to_min_supported_mtu ... ok
test pmtud::tests::pmtud_update_probe_size_initial_state ... ok
test pmtud::tests::test_pmtu_greater_than_min_supported_mtu ... ok
test pmtud::tests::test_pmtu_less_than_min_supported_mtu ... ok
test pmtud::tests::test_pmtu_revalidation ... ok
test pmtud::tests::test_pmtud_errant_probe ... ok
test pmtud::tests::test_pmtud_reset ... ok
test ranges::tests::capacity ... ok
test ranges::tests::eq_range ... ok
test ranges::tests::first_last ... ok
test ranges::tests::flatten_one ... ok
test ranges::tests::flatten_rev ... ok
test ranges::tests::insert_non_overlapping ... ok
test ranges::tests::insert_contained ... ok
test ranges::tests::insert_overlapping ... ok
test ranges::tests::insert_overlapping_multi ... ok
test ranges::tests::next_to ... ok
test ranges::tests::prev_to ... ok
test ranges::tests::push_item ... ok
test ranges::tests::remove_largest ... ok
test recovery::bandwidth::tests::arithmetic_ops ... ok
test recovery::bandwidth::tests::constructors ... ok
test recovery::bandwidth::tests::debug ... ok
test recovery::bandwidth::tests::from_bytes_and_time_delta ... ok
test recovery::bandwidth::tests::transfer_time ... ok
test recovery::bandwidth::tests::to_bytes_per_period ... ok
test recovery::bytes_in_flight::tests::bytes_in_flight_basic ... ok
test recovery::bytes_in_flight::tests::bytes_in_flight_saturating_sub ... ok
test h3::tests::request_no_body_response_no_body_with_grease ... ok
test h3::tests::request_no_body_response_one_chunk ... ok
test h3::tests::send_body_invalid_server_stream ... ok
test h3::tests::reset_finished_at_server_with_data_pending ... ok
test h3::tests::reset_finished_at_server ... ok
test h3::tests::reset_finished_at_server_with_data_pending_2 ... ok
test h3::tests::reset_control_stream_after_type ... ok
test h3::tests::send_body_invalid_client_stream ... ok
test h3::tests::single_dgram ... ok
test h3::tests::reset_qpack_stream_after_type ... ok
test h3::tests::reset_finished_at_client ... ok
test h3::tests::reset_control_stream_after_frame ... ok
test recovery::congestion::hystart::tests::congestion_event ... ok
test h3::tests::reset_qpack_stream_after_data ... ok
test recovery::congestion::hystart::tests::css_cwnd_inc ... ok
test h3::tests::set_additional_settings ... ok
test recovery::congestion::hystart::tests::start_round ... ok
test recovery::congestion::prr::tests::congestion_event ... ok
test recovery::congestion::prr::tests::on_packet_acked_prr ... ok
test recovery::congestion::prr::tests::on_packet_acked_prr_overflow ... ok
test recovery::congestion::prr::tests::on_packet_acked_prr_zero_in_flight ... ok
test recovery::congestion::prr::tests::on_packet_sent ... ok
test h3::tests::max_state_buf_size ... ok
test h3::tests::send_body_stream_blocked_by_small_cwnd ... ok
test recovery::congestion::prr::tests::on_packet_acked_prr_ssrb ... ok
test recovery::congestion::prr::tests::on_packet_acked_prr_ssrb_overflow ... ok
test h3::tests::send_body_truncation_stream_blocked ... ok
test path::tests::multiple_probes ... ok
test recovery::congestion::tests::ssthresh_in_css ... ok
test recovery::congestion::tests::ssthresh_init ... ok
test recovery::gcongestion::bbr2::mode::tests::cycle_params ... ok
test recovery::congestion::tests::ssthresh_in_slow_start ... ok
test recovery::gcongestion::bbr2::probe_bw::tests::probe_upward::step_2_10_000 ... ok
test recovery::gcongestion::bbr2::probe_bw::tests::probe_upward::step_1_100 ... ok
test recovery::gcongestion::bbr2::probe_bw::tests::probe_upward::step_3_65_536 ... ok
test recovery::gcongestion::bbr2::probe_bw::tests::probe_upward::step_4_300_000 ... ok
test recovery::gcongestion::bbr2::probe_rtt::tests::probe_rtt_params ... ok
test recovery::gcongestion::bbr2::tests::update_mss::scale_pacing_rate_by_mss_1_false ... ok
test recovery::gcongestion::bbr2::tests::update_mss::scale_pacing_rate_by_mss_2_true ... ok
test recovery::gcongestion::bbr::bandwidth_sampler::bandwidth_sampler_tests::ack_height_respect_bandwidth_estimate_upper_bound::overestimate_avoidance_1_false::choose_a0_point_fix_1_false ... ok
test recovery::gcongestion::bbr::bandwidth_sampler::bandwidth_sampler_tests::ack_height_respect_bandwidth_estimate_upper_bound::overestimate_avoidance_1_false::choose_a0_point_fix_2_true ... ok
test recovery::gcongestion::bbr::bandwidth_sampler::bandwidth_sampler_tests::ack_height_respect_bandwidth_estimate_upper_bound::overestimate_avoidance_2_true::choose_a0_point_fix_1_false ... ok
test recovery::gcongestion::bbr::bandwidth_sampler::bandwidth_sampler_tests::ack_height_respect_bandwidth_estimate_upper_bound::overestimate_avoidance_2_true::choose_a0_point_fix_2_true ... ok
test h3::tests::stream_backpressure ... ok
test recovery::gcongestion::bbr::bandwidth_sampler::bandwidth_sampler_tests::app_limited::overestimate_avoidance_1_false::choose_a0_point_fix_1_false ... ok
test h3::tests::zero_length_data_blocked ... ok
test recovery::gcongestion::bbr::bandwidth_sampler::bandwidth_sampler_tests::app_limited::overestimate_avoidance_1_false::choose_a0_point_fix_2_true ... ok
test recovery::gcongestion::bbr::bandwidth_sampler::bandwidth_sampler_tests::app_limited::overestimate_avoidance_2_true::choose_a0_point_fix_1_false ... ok
test recovery::gcongestion::bbr::bandwidth_sampler::bandwidth_sampler_tests::app_limited::overestimate_avoidance_2_true::choose_a0_point_fix_2_true ... ok
test recovery::gcongestion::bbr::bandwidth_sampler::bandwidth_sampler_tests::compressed_ack::overestimate_avoidance_1_false::choose_a0_point_fix_1_false ... ok
test recovery::gcongestion::bbr::bandwidth_sampler::bandwidth_sampler_tests::compressed_ack::overestimate_avoidance_1_false::choose_a0_point_fix_2_true ... ok
test h3::tests::settings_h2_prohibited ... ok
test path::tests::path_validation_limited_mtu ... ok
test recovery::gcongestion::bbr::bandwidth_sampler::bandwidth_sampler_tests::compressed_ack::overestimate_avoidance_2_true::choose_a0_point_fix_1_false ... ok
test recovery::gcongestion::bbr::bandwidth_sampler::bandwidth_sampler_tests::compressed_ack::overestimate_avoidance_2_true::choose_a0_point_fix_2_true ... ok
test recovery::gcongestion::bbr::bandwidth_sampler::bandwidth_sampler_tests::first_round_trip::overestimate_avoidance_1_false::choose_a0_point_fix_2_true ... ok
test recovery::gcongestion::bbr::bandwidth_sampler::bandwidth_sampler_tests::first_round_trip::overestimate_avoidance_1_false::choose_a0_point_fix_1_false ... ok
test recovery::gcongestion::bbr::bandwidth_sampler::bandwidth_sampler_tests::congestion_event_sample_default_values ... ok
test recovery::gcongestion::bbr::bandwidth_sampler::bandwidth_sampler_tests::lose_every_other_packet::overestimate_avoidance_2_true::choose_a0_point_fix_1_false ... ok
test recovery::gcongestion::bbr::bandwidth_sampler::bandwidth_sampler_tests::first_round_trip::overestimate_avoidance_2_true::choose_a0_point_fix_1_false ... ok
test recovery::gcongestion::bbr::bandwidth_sampler::bandwidth_sampler_tests::first_round_trip::overestimate_avoidance_2_true::choose_a0_point_fix_2_true ... ok
test recovery::gcongestion::bbr::bandwidth_sampler::bandwidth_sampler_tests::lose_every_other_packet::overestimate_avoidance_2_true::choose_a0_point_fix_2_true ... ok
test recovery::gcongestion::bbr::bandwidth_sampler::bandwidth_sampler_tests::neuter_packet::overestimate_avoidance_1_false::choose_a0_point_fix_1_false ... ok
test recovery::gcongestion::bbr::bandwidth_sampler::bandwidth_sampler_tests::lose_every_other_packet::overestimate_avoidance_1_false::choose_a0_point_fix_1_false ... ok
test recovery::gcongestion::bbr::bandwidth_sampler::bandwidth_sampler_tests::neuter_packet::overestimate_avoidance_2_true::choose_a0_point_fix_2_true ... ok
test recovery::gcongestion::bbr::bandwidth_sampler::bandwidth_sampler_tests::lose_every_other_packet::overestimate_avoidance_1_false::choose_a0_point_fix_2_true ... ok
test recovery::gcongestion::bbr::bandwidth_sampler::bandwidth_sampler_tests::neuter_packet::overestimate_avoidance_1_false::choose_a0_point_fix_2_true ... ok
test recovery::gcongestion::bbr::bandwidth_sampler::bandwidth_sampler_tests::neuter_packet::overestimate_avoidance_2_true::choose_a0_point_fix_1_false ... ok
test h3::tests::zero_length_data ... ok
test recovery::gcongestion::bbr::bandwidth_sampler::bandwidth_sampler_tests::not_congestion_controlled::overestimate_avoidance_1_false::choose_a0_point_fix_1_false ... ok
test recovery::gcongestion::bbr::bandwidth_sampler::bandwidth_sampler_tests::not_congestion_controlled::overestimate_avoidance_1_false::choose_a0_point_fix_2_true ... ok
test recovery::gcongestion::bbr::bandwidth_sampler::bandwidth_sampler_tests::not_congestion_controlled::overestimate_avoidance_2_true::choose_a0_point_fix_2_true ... ok
test recovery::gcongestion::bbr::bandwidth_sampler::bandwidth_sampler_tests::remove_obsolete_packets::overestimate_avoidance_1_false::choose_a0_point_fix_1_false ... ok
test recovery::gcongestion::bbr::bandwidth_sampler::bandwidth_sampler_tests::remove_obsolete_packets::overestimate_avoidance_1_false::choose_a0_point_fix_2_true ... ok
test recovery::gcongestion::bbr::bandwidth_sampler::bandwidth_sampler_tests::not_congestion_controlled::overestimate_avoidance_2_true::choose_a0_point_fix_1_false ... ok
test recovery::gcongestion::bbr::bandwidth_sampler::bandwidth_sampler_tests::remove_obsolete_packets::overestimate_avoidance_2_true::choose_a0_point_fix_1_false ... ok
test recovery::gcongestion::bbr::bandwidth_sampler::bandwidth_sampler_tests::remove_obsolete_packets::overestimate_avoidance_2_true::choose_a0_point_fix_2_true ... ok
test recovery::gcongestion::bbr::bandwidth_sampler::bandwidth_sampler_tests::reordered_ack::overestimate_avoidance_1_false::choose_a0_point_fix_1_false ... ok
test recovery::gcongestion::bbr::bandwidth_sampler::bandwidth_sampler_tests::reordered_ack::overestimate_avoidance_1_false::choose_a0_point_fix_2_true ... ok
test recovery::gcongestion::bbr::bandwidth_sampler::bandwidth_sampler_tests::reordered_ack::overestimate_avoidance_2_true::choose_a0_point_fix_1_false ... ok
test recovery::gcongestion::bbr::bandwidth_sampler::bandwidth_sampler_tests::send_and_wait::overestimate_avoidance_1_false::choose_a0_point_fix_1_false ... ok
test recovery::gcongestion::bbr::bandwidth_sampler::bandwidth_sampler_tests::send_and_wait::overestimate_avoidance_1_false::choose_a0_point_fix_2_true ... ok
test recovery::gcongestion::bbr::bandwidth_sampler::bandwidth_sampler_tests::reordered_ack::overestimate_avoidance_2_true::choose_a0_point_fix_2_true ... ok
test recovery::gcongestion::bbr::bandwidth_sampler::bandwidth_sampler_tests::send_and_wait::overestimate_avoidance_2_true::choose_a0_point_fix_2_true ... ok
test recovery::gcongestion::bbr::bandwidth_sampler::bandwidth_sampler_tests::send_paced::overestimate_avoidance_1_false::choose_a0_point_fix_1_false ... ok
test recovery::gcongestion::bbr::bandwidth_sampler::bandwidth_sampler_tests::send_paced::overestimate_avoidance_1_false::choose_a0_point_fix_2_true ... ok
test recovery::gcongestion::bbr::bandwidth_sampler::bandwidth_sampler_tests::send_paced::overestimate_avoidance_2_true::choose_a0_point_fix_1_false ... ok
test recovery::gcongestion::bbr::bandwidth_sampler::bandwidth_sampler_tests::send_time_state::overestimate_avoidance_1_false::choose_a0_point_fix_1_false ... ok
test recovery::gcongestion::bbr::bandwidth_sampler::bandwidth_sampler_tests::send_paced::overestimate_avoidance_2_true::choose_a0_point_fix_2_true ... ok
test recovery::gcongestion::bbr::bandwidth_sampler::bandwidth_sampler_tests::send_time_state::overestimate_avoidance_1_false::choose_a0_point_fix_2_true ... ok
test recovery::gcongestion::bbr::bandwidth_sampler::bandwidth_sampler_tests::send_time_state::overestimate_avoidance_2_true::choose_a0_point_fix_1_false ... ok
test recovery::gcongestion::bbr::bandwidth_sampler::bandwidth_sampler_tests::send_time_state::overestimate_avoidance_2_true::choose_a0_point_fix_2_true ... ok
test recovery::gcongestion::bbr::bandwidth_sampler::bandwidth_sampler_tests::send_with_losses::overestimate_avoidance_1_false::choose_a0_point_fix_1_false ... ok
test recovery::gcongestion::bbr::bandwidth_sampler::bandwidth_sampler_tests::send_with_losses::overestimate_avoidance_1_false::choose_a0_point_fix_2_true ... ok
test recovery::gcongestion::bbr::bandwidth_sampler::bandwidth_sampler_tests::send_with_losses::overestimate_avoidance_2_true::choose_a0_point_fix_1_false ... ok
test h3::tests::transport_error ... ok
test recovery::gcongestion::bbr::bandwidth_sampler::bandwidth_sampler_tests::send_with_losses::overestimate_avoidance_2_true::choose_a0_point_fix_2_true ... ok
test recovery::gcongestion::bbr::bandwidth_sampler::bandwidth_sampler_tests::two_acked_packets_per_event::overestimate_avoidance_1_false::choose_a0_point_fix_1_false ... ok
test recovery::gcongestion::bbr::bandwidth_sampler::bandwidth_sampler_tests::two_acked_packets_per_event::overestimate_avoidance_1_false::choose_a0_point_fix_2_true ... ok
test recovery::gcongestion::bbr::bandwidth_sampler::bandwidth_sampler_tests::two_acked_packets_per_event::overestimate_avoidance_2_true::choose_a0_point_fix_1_false ... ok
test recovery::gcongestion::bbr::bandwidth_sampler::bandwidth_sampler_tests::two_acked_packets_per_event::overestimate_avoidance_2_true::choose_a0_point_fix_2_true ... ok
test recovery::gcongestion::bbr::bandwidth_sampler::max_ack_height_tracker_tests::not_aggregated::overestimate_avoidance_1_false ... ok
test recovery::gcongestion::bbr::bandwidth_sampler::bandwidth_sampler_tests::send_and_wait::overestimate_avoidance_2_true::choose_a0_point_fix_1_false ... ok
test recovery::gcongestion::bbr::bandwidth_sampler::max_ack_height_tracker_tests::not_aggregated::overestimate_avoidance_2_true ... ok
test recovery::gcongestion::bbr::bandwidth_sampler::max_ack_height_tracker_tests::somewhat_aggregated_large_acks::overestimate_avoidance_1_false ... ok
test recovery::gcongestion::bbr::bandwidth_sampler::max_ack_height_tracker_tests::somewhat_aggregated_large_acks::overestimate_avoidance_2_true ... ok
test recovery::gcongestion::bbr::bandwidth_sampler::max_ack_height_tracker_tests::somewhat_aggregated_small_acks::overestimate_avoidance_1_false ... ok
test recovery::gcongestion::bbr::bandwidth_sampler::max_ack_height_tracker_tests::somewhat_aggregated_small_acks::overestimate_avoidance_2_true ... ok
test recovery::gcongestion::bbr::bandwidth_sampler::max_ack_height_tracker_tests::start_new_epoch_after_a_full_round::overestimate_avoidance_2_true ... ok
test recovery::gcongestion::bbr::bandwidth_sampler::max_ack_height_tracker_tests::start_new_epoch_after_a_full_round::overestimate_avoidance_1_false ... ok
test recovery::gcongestion::bbr::bandwidth_sampler::max_ack_height_tracker_tests::very_aggregated_large_acks::overestimate_avoidance_1_false ... ok
test recovery::gcongestion::bbr::bandwidth_sampler::max_ack_height_tracker_tests::very_aggregated_large_acks::overestimate_avoidance_2_true ... ok
test recovery::gcongestion::bbr::bandwidth_sampler::max_ack_height_tracker_tests::very_aggregated_small_acks::overestimate_avoidance_1_false ... ok
test recovery::gcongestion::bbr::bandwidth_sampler::max_ack_height_tracker_tests::very_aggregated_small_acks::overestimate_avoidance_2_true ... ok
test h3::tests::reset_stream ... ok
test recovery::congestion::cubic::tests::cubic_congestion_avoidance ... ok
test recovery::congestion::cubic::tests::cubic_fast_convergence ... ok
test recovery::congestion::cubic::tests::cubic_congestion_event ... ok
test recovery::tests::lookup_cc_algo_bad ... ok
test path::tests::too_many_probes ... ok
test h3::tests::send_body_stream_blocked_zero_length ... ok
test h3::tests::request_no_body_response_one_chunk_empty_fin ... ok
test h3::tests::request_one_chunk_response_no_body ... ok
test h3::tests::trailers ... ok
test recovery::congestion::cubic::tests::cubic_hystart_css_to_ca ... ok
test recovery::congestion::delivery_rate::tests::app_limited_cwnd_full ... ok
test recovery::congestion::cubic::tests::cubic_hystart_css_to_ss ... ok
test recovery::congestion::cubic::tests::cubic_spurious_congestion_event ... ok
test recovery::congestion::cubic::tests::cubic_init ... ok
test recovery::congestion::cubic::tests::cubic_slow_start_multi_acks ... ok
test recovery::congestion::cubic::tests::cubic_slow_start ... ok
test recovery::congestion::delivery_rate::tests::rate_check ... ok
test recovery::congestion::delivery_rate::tests::sample_is_app_limited ... ok
test recovery::congestion::delivery_rate::tests::app_limited_delivery_rate ... ok
test recovery::congestion::reno::tests::reno_slow_start_multi_acks ... ok
test recovery::congestion::reno::tests::reno_congestion_event ... ok
test recovery::congestion::reno::tests::reno_slow_start ... ok
test recovery::congestion::reno::tests::reno_init ... ok
test recovery::congestion::reno::tests::reno_congestion_avoidance ... ok
test stream::recv_buf::tests::empty_read::emit_1_true ... ok
test stream::recv_buf::tests::empty_read::emit_2_false ... ok
test stream::recv_buf::tests::empty_stream_frame::emit_1_true ... ok
test stream::recv_buf::tests::empty_stream_frame::emit_2_false ... ok
test stream::recv_buf::tests::fully_overlapping_read2::emit_1_true ... ok
test stream::recv_buf::tests::fully_overlapping_read2::emit_2_false ... ok
test stream::recv_buf::tests::fully_overlapping_read3::emit_1_true ... ok
test stream::recv_buf::tests::fully_overlapping_read3::emit_2_false ... ok
test stream::recv_buf::tests::fully_overlapping_read::emit_1_true ... ok
test stream::recv_buf::tests::fully_overlapping_read::emit_2_false ... ok
test stream::recv_buf::tests::fully_overlapping_read_multi::emit_1_true ... ok
test stream::recv_buf::tests::fully_overlapping_read_multi::emit_2_false ... ok
test stream::recv_buf::tests::incomplete_read::emit_1_true ... ok
test stream::recv_buf::tests::incomplete_read::emit_2_false ... ok
test stream::recv_buf::tests::mixed_read_actions ... ok
test stream::recv_buf::tests::ordered_read::emit_1_true ... ok
test stream::recv_buf::tests::ordered_read::emit_2_false ... ok
test stream::recv_buf::tests::overlapping_end_read::emit_1_true ... ok
test stream::recv_buf::tests::overlapping_end_read::emit_2_false ... ok
test stream::recv_buf::tests::overlapping_end_twice_and_contained_read::emit_1_true ... ok
test stream::recv_buf::tests::overlapping_end_twice_and_contained_read::emit_2_false ... ok
test stream::recv_buf::tests::overlapping_end_twice_read::emit_1_true ... ok
test stream::recv_buf::tests::overlapping_end_twice_read::emit_2_false ... ok
test stream::recv_buf::tests::overlapping_start_read::emit_1_true ... ok
test stream::recv_buf::tests::overlapping_start_read::emit_2_false ... ok
test stream::recv_buf::tests::partially_multi_overlapping_reordered_read2::emit_1_true ... ok
test stream::recv_buf::tests::partially_multi_overlapping_reordered_read2::emit_2_false ... ok
test stream::recv_buf::tests::partially_multi_overlapping_reordered_read::emit_1_true ... ok
test stream::recv_buf::tests::partially_multi_overlapping_reordered_read::emit_2_false ... ok
test stream::recv_buf::tests::past_read::emit_1_true ... ok
test stream::recv_buf::tests::past_read::emit_2_false ... ok
test stream::recv_buf::tests::shutdown::emit_1_true ... ok
test stream::recv_buf::tests::shutdown::emit_2_false ... ok
test stream::recv_buf::tests::split_read::emit_1_true ... ok
test stream::recv_buf::tests::split_read::emit_2_false ... ok
test stream::recv_buf::tests::zero_len_read::emit_1_true ... ok
test stream::recv_buf::tests::zero_len_read::emit_2_false ... ok
test stream::send_buf::tests::empty_write ... ok
test stream::send_buf::tests::fin_ack_before_payload_gaps_close_waits_for_data ... ok
test stream::send_buf::tests::late_empty_fin_after_payload_ack_waits_for_fin_ack ... ok
test stream::send_buf::tests::multi_write ... ok
test stream::send_buf::tests::repeated_fin_after_ack_does_not_rearm ... ok
test stream::send_buf::tests::resend ... ok
test stream::send_buf::tests::reset_abandons_fin_wait ... ok
test stream::send_buf::tests::send_buf_final_size_retransmit ... ok
test stream::send_buf::tests::send_buf_len_on_retransmit ... ok
test stream::send_buf::tests::split_write ... ok
test stream::send_buf::tests::wholly_empty_fin_waits_for_fin_ack ... ok
test stream::send_buf::tests::write_blocked_by_off ... ok
test stream::send_buf::tests::wrong_final_offset_does_not_ack_fin ... ok
test stream::send_buf::tests::zero_len_write ... ok
test recovery::gcongestion::recovery::tests::relaxed_loss_threshold ... ok
test stream::tests::priority_tree_dupes ... ok
test stream::tests::recv_data_below_off ... ok
test stream::tests::rangebuf_split_off ... ok
test stream::tests::recv_fin_change ... ok
test stream::tests::recv_fin_dup ... ok
test stream::tests::recv_fin_flow_control ... ok
test stream::tests::recv_fin_lower_than_received ... ok
test stream::tests::recv_fin_reset_mismatch ... ok
test stream::tests::recv_flow_control ... ok
test stream::tests::recv_past_fin ... ok
test stream::tests::recv_reset_change ... ok
test stream::tests::recv_reset_dup ... ok
test stream::tests::recv_reset_lower_than_received ... ok
test stream::tests::recv_reset_with_gap ... ok
test stream::tests::send_ack ... ok
test stream::tests::send_ack_reordering ... ok
test stream::tests::send_emit ... ok
test stream::tests::send_emit_ack ... ok
test stream::tests::send_emit_retransmit ... ok
test stream::tests::send_fin_dup ... ok
test stream::tests::send_fin_max_data_match ... ok
test stream::tests::send_fin_zero_length ... ok
test stream::tests::send_fin_zero_length_output ... ok
test stream::tests::send_flow_control ... ok
test stream::tests::send_past_fin ... ok
test stream::tests::send_undo_fin ... ok
test recovery::gcongestion::recovery::tests::loss_threshold ... ok
test stream::tests::stream_complete ... ok
test stream::tests::stream_create_out_of_order ... ok
test stream::tests::stream_limit_auto_open ... ok
test stream::tests::stream_limit_edge ... ok
test stream::tests::writable_prioritized_default_priority ... ok
test stream::tests::writable_prioritized_insert_order ... ok
test stream::tests::writable_prioritized_mixed_urgencies_incrementals ... ok
test stream::tests::writable_prioritized_mixed_urgency ... ok
test recovery::tests::congestion_delivery_rate::cc_algorithm_name_2___cubic__ ... ok
test recovery::tests::acks_with_no_retransmittable_data::cc_algorithm_name_3___bbr2_gcongestion__ ... ok
test recovery::tests::loss_on_pto::cc_algorithm_name_3___bbr2_gcongestion__ ... ok
test recovery::tests::loss_on_reordering::cc_algorithm_name_1___reno__ ... ok
test recovery::tests::acks_with_no_retransmittable_data::cc_algorithm_name_2___cubic__ ... ok
test recovery::tests::congestion_delivery_rate::cc_algorithm_name_1___reno__ ... ok
test recovery::tests::loss_on_pto::cc_algorithm_name_1___reno__ ... ok
test recovery::tests::acks_with_no_retransmittable_data::cc_algorithm_name_1___reno__ ... ok
test recovery::tests::loss_on_pto::cc_algorithm_name_2___cubic__ ... ok
test recovery::tests::loss_on_reordering::cc_algorithm_name_2___cubic__ ... ok
test recovery::tests::loss_on_reordering::cc_algorithm_name_3___bbr2_gcongestion__ ... ok
test recovery::tests::loss_on_timer::cc_algorithm_name_1___reno__ ... ok
test recovery::tests::pacing::cc_algorithm_name_1___reno__::time_sent_set_to_now_1_false ... ok
test recovery::tests::loss_on_timer::cc_algorithm_name_3___bbr2_gcongestion__ ... ok
test recovery::tests::pacing::cc_algorithm_name_2___cubic__::time_sent_set_to_now_1_false ... ok
test recovery::tests::pacing::cc_algorithm_name_1___reno__::time_sent_set_to_now_2_true ... ok
test recovery::tests::pacing::cc_algorithm_name_2___cubic__::time_sent_set_to_now_2_true ... ok
test recovery::tests::pacing::cc_algorithm_name_3___bbr2_gcongestion__::time_sent_set_to_now_2_true ... ok
test recovery::tests::pmtud_loss_on_timer::cc_algorithm_name_1___reno__ ... ok
test recovery::tests::congestion_delivery_rate::cc_algorithm_name_3___bbr2__ ... ok
test recovery::tests::pmtud_loss_on_timer::cc_algorithm_name_3___bbr2_gcongestion__ ... ok
test recovery::tests::relaxed_thresholds_on_reordering::cc_algorithm_name_1___bbr2_gcongestion__ ... ok
test recovery::tests::pmtud_loss_on_timer::cc_algorithm_name_2___cubic__ ... ok
test recovery::tests::time_thresholds_on_reordering::cc_algorithm_name_1___bbr2_gcongestion__ ... ok
test recovery::tests::loss_on_timer::cc_algorithm_name_2___cubic__ ... ok
test recovery::tests::validate_ack_range_on_ack_received::cc_algorithm_name_2___bbr2_gcongestion__ ... ok
test recovery::tests::validate_ack_range_on_ack_received::cc_algorithm_name_1___cubic__ ... ok
test tests::app_close_by_client::cc_algorithm_name_1___cubic__ ... ok
test tests::app_close_by_client::cc_algorithm_name_2___bbr2_gcongestion__ ... ok
test tests::app_close_by_server_during_handshake_established::cc_algorithm_name_2___bbr2_gcongestion__ ... ok
test tests::app_close_by_server_during_handshake_established::cc_algorithm_name_1___cubic__ ... ok
test recovery::tests::pacing::cc_algorithm_name_3___bbr2_gcongestion__::time_sent_set_to_now_1_false ... ok
test tests::app_close_by_server_during_handshake_private_key_failure::cc_algorithm_name_2___bbr2_gcongestion__ ... ok
test tests::app_close_by_server_during_handshake_private_key_failure::cc_algorithm_name_1___cubic__ ... ok
test tests::app_close_by_server_during_handshake_not_established::cc_algorithm_name_1___cubic__ ... ok
test tests::app_close_by_server_during_handshake_not_established::cc_algorithm_name_2___bbr2_gcongestion__ ... ok
test tests::app_peer_error::cc_algorithm_name_1___cubic__ ... ok
test tests::app_peer_error::cc_algorithm_name_2___bbr2_gcongestion__ ... ok
test tests::client_rst_stream_while_bytes_in_flight::cc_algorithm_name_1___cubic__::use_stop_sending_1_false::discard_1_true ... ok
test tests::challenge_no_cids::cc_algorithm_name_1___cubic__ ... ok
test tests::client_discard_unknown_address::cc_algorithm_name_1___cubic__ ... ok
test tests::app_limited_false_no_frame::cc_algorithm_name_2___bbr2_gcongestion__::discard_1_true ... ok
test tests::client_discard_unknown_address::cc_algorithm_name_2___bbr2_gcongestion__ ... ok
test tests::app_limited_false_no_frame::cc_algorithm_name_1___cubic__::discard_2_false ... ok
test tests::app_limited_false::cc_algorithm_name_1___cubic__::discard_2_false ... ok
test tests::app_limited_false::cc_algorithm_name_2___bbr2_gcongestion__::discard_1_true ... ok
test tests::app_limited_false::cc_algorithm_name_1___cubic__::discard_1_true ... ok
test tests::app_limited_false_no_frame::cc_algorithm_name_1___cubic__::discard_1_true ... ok
test tests::app_limited_false_no_header::cc_algorithm_name_1___cubic__::discard_2_false ... ok
test tests::app_limited_not_changed_on_no_new_frames::cc_algorithm_name_1___cubic__::discard_2_false ... ok
test tests::client_rst_stream_while_bytes_in_flight::cc_algorithm_name_1___cubic__::use_stop_sending_1_false::discard_2_false ... ok
test tests::app_limited_not_changed_on_no_new_frames::cc_algorithm_name_1___cubic__::discard_1_true ... ok
test tests::app_limited_false_no_header::cc_algorithm_name_2___bbr2_gcongestion__::discard_2_false ... ok
test tests::app_limited_false_no_header::cc_algorithm_name_2___bbr2_gcongestion__::discard_1_true ... ok
test tests::app_limited_not_changed_on_no_new_frames::cc_algorithm_name_2___bbr2_gcongestion__::discard_1_true ... ok
test tests::app_limited_not_changed_on_no_new_frames::cc_algorithm_name_2___bbr2_gcongestion__::discard_2_false ... ok
test tests::app_limited_true::cc_algorithm_name_1___cubic__::discard_2_false ... ok
test tests::app_limited_true::cc_algorithm_name_1___cubic__::discard_1_true ... ok
test tests::app_limited_true::cc_algorithm_name_2___bbr2_gcongestion__::discard_1_true ... ok
test tests::challenge_no_cids::cc_algorithm_name_2___bbr2_gcongestion__ ... ok
test tests::app_limited_true::cc_algorithm_name_2___bbr2_gcongestion__::discard_2_false ... ok
test tests::app_limited_false::cc_algorithm_name_2___bbr2_gcongestion__::discard_2_false ... ok
test tests::client_rst_stream_while_bytes_in_flight::cc_algorithm_name_1___cubic__::use_stop_sending_2_true::discard_2_false ... ok
test tests::change_idle_timeout::cc_algorithm_name_1___cubic__ ... ok
test tests::client_rst_stream_while_bytes_in_flight::cc_algorithm_name_1___cubic__::use_stop_sending_2_true::discard_1_true ... ok
test recovery::tests::lookup_cc_algo_ok ... ok
test tests::config_must_be_send::cc_algorithm_name_2___bbr2_gcongestion__ ... ok
test tests::close::cc_algorithm_name_1___cubic__ ... ok
test tests::client_sent_new_token::cc_algorithm_name_1___cubic__ ... ok
test tests::client_rst_stream_while_bytes_in_flight::cc_algorithm_name_2___bbr2_gcongestion__::use_stop_sending_1_false::discard_1_true ... ok
test tests::client_rst_stream_while_bytes_in_flight_with_packet_loss::cc_algorithm_name_1___cubic__::discard_1_true ... ok
test tests::config_must_be_sync::cc_algorithm_name_2___bbr2_gcongestion__ ... ok
test tests::client_rst_stream_while_bytes_in_flight::cc_algorithm_name_2___bbr2_gcongestion__::use_stop_sending_2_true::discard_1_true ... ok
test tests::client_rst_stream_while_bytes_in_flight::cc_algorithm_name_2___bbr2_gcongestion__::use_stop_sending_2_true::discard_2_false ... ok
test tests::coalesce_padding_short::cc_algorithm_name_2___bbr2_gcongestion__ ... ok
test tests::client_rst_stream_while_bytes_in_flight_with_packet_loss::cc_algorithm_name_2___bbr2_gcongestion__::discard_1_true ... ok
test tests::client_rst_stream_while_bytes_in_flight_with_packet_loss::cc_algorithm_name_1___cubic__::discard_2_false ... ok
test tests::coalesce_padding_short::cc_algorithm_name_1___cubic__ ... ok
test tests::close::cc_algorithm_name_2___bbr2_gcongestion__ ... ok
test tests::change_idle_timeout::cc_algorithm_name_2___bbr2_gcongestion__ ... ok
test tests::collect_streams::cc_algorithm_name_2___bbr2_gcongestion__::discard_1_true ... ok
test tests::collect_streams::cc_algorithm_name_1___cubic__::discard_1_true ... ok
test tests::collect_streams::cc_algorithm_name_1___cubic__::discard_2_false ... ok
test tests::client_sent_new_token::cc_algorithm_name_2___bbr2_gcongestion__ ... ok
test tests::config_version_invalid ... ok
test tests::config_set_cc_algorithm_name ... ok
test tests::config_must_be_sync::cc_algorithm_name_1___cubic__ ... ok
test tests::app_limited_false_no_header::cc_algorithm_name_1___cubic__::discard_1_true ... ok
test tests::app_limited_false_no_frame::cc_algorithm_name_2___bbr2_gcongestion__::discard_2_false ... ok
test tests::connect_custom_client_dcid_too_short ... ok
test tests::config_must_be_send::cc_algorithm_name_1___cubic__ ... ok
test tests::client_rst_stream_while_bytes_in_flight::cc_algorithm_name_2___bbr2_gcongestion__::use_stop_sending_1_false::discard_2_false ... ok
test tests::configured_connection_window_replenishes_without_increasing_initial_max_data ... ok
test tests::connection_id_retire_exotic_sequence::cc_algorithm_name_2___bbr2_gcongestion__::discard_1_true ... ok
test tests::client_rst_stream_while_bytes_in_flight_with_packet_loss::cc_algorithm_name_2___bbr2_gcongestion__::discard_2_false ... ok
test tests::connection_id_handling::cc_algorithm_name_1___cubic__ ... ok
test tests::connection_id_handling::cc_algorithm_name_2___bbr2_gcongestion__ ... ok
test tests::connection_id_invalid_max_len::cc_algorithm_name_1___cubic__ ... ok
test tests::collect_streams::cc_algorithm_name_2___bbr2_gcongestion__::discard_2_false ... ok
test tests::connection_id_invalid_max_len::cc_algorithm_name_2___bbr2_gcongestion__ ... ok
test tests::connection_must_be_send::cc_algorithm_name_1___cubic__ ... ok
test tests::connection_id_retire_exotic_sequence::cc_algorithm_name_1___cubic__::discard_1_true ... ok
test tests::connection_id_retire_exotic_sequence::cc_algorithm_name_1___cubic__::discard_2_false ... ok
test tests::connection_id_retire_exotic_sequence::cc_algorithm_name_2___bbr2_gcongestion__::discard_2_false ... ok
test tests::connection_id_zero::cc_algorithm_name_1___cubic__ ... ok
test tests::connection_migration::cc_algorithm_name_1___cubic__ ... ok
test tests::connection_migration_reordered_non_probing::cc_algorithm_name_1___cubic__ ... ok
test tests::connection_migration_reordered_non_probing::cc_algorithm_name_2___bbr2_gcongestion__ ... ok
test tests::connection_migration_zero_length_cid::cc_algorithm_name_1___cubic__ ... ok
test tests::connection_migration_zero_length_cid::cc_algorithm_name_2___bbr2_gcongestion__ ... ok
test tests::connection_must_be_sync::cc_algorithm_name_1___cubic__ ... ok
test tests::connection_must_be_sync::cc_algorithm_name_2___bbr2_gcongestion__ ... ok
test tests::config_version_reserved ... ok
test tests::configuration_values_are_limited_to_max_varint ... ok
test tests::connection_must_be_send::cc_algorithm_name_2___bbr2_gcongestion__ ... ok
test tests::connection_migration::cc_algorithm_name_2___bbr2_gcongestion__ ... ok
test tests::connection_id_retire_limit::cc_algorithm_name_2___bbr2_gcongestion__ ... ok
test tests::connection_id_retire_limit::cc_algorithm_name_1___cubic__ ... ok
test tests::consecutive_non_ack_eliciting::cc_algorithm_name_1___cubic__ ... ok
test tests::connection_id_zero::cc_algorithm_name_2___bbr2_gcongestion__ ... ok
test tests::consecutive_non_ack_eliciting::cc_algorithm_name_2___bbr2_gcongestion__ ... ok
test tests::crypto_limit::cc_algorithm_name_2___bbr2_gcongestion__ ... ok
test tests::data_blocked::cc_algorithm_name_2___bbr2_gcongestion__ ... ok
test tests::dgram_multiple_datagrams::cc_algorithm_name_1___cubic__ ... ok
test tests::delayed_max_data_diagnostic_exhausts_connection_before_control_stream_credit ... ok
test tests::dgram_recv_queue_overflow::cc_algorithm_name_1___cubic__ ... ok
test tests::dgram_recv_queue_overflow::cc_algorithm_name_2___bbr2_gcongestion__ ... ok
test tests::default_connection_replenishment_window_and_48kib_cap_are_preserved ... ok
test tests::data_blocked::cc_algorithm_name_1___cubic__ ... ok
test tests::crypto_limit::cc_algorithm_name_1___cubic__ ... ok
test tests::dgram_send_app_limited::cc_algorithm_name_1___cubic__ ... ok
test tests::dgram_send_fails_invalidstate::cc_algorithm_name_1___cubic__ ... ok
test tests::dgram_send_max_size::cc_algorithm_name_1___cubic__ ... ok
test tests::dgram_send_app_limited::cc_algorithm_name_2___bbr2_gcongestion__ ... ok
test tests::dgram_send_fails_invalidstate::cc_algorithm_name_2___bbr2_gcongestion__ ... ok
test tests::dgram_multiple_datagrams::cc_algorithm_name_2___bbr2_gcongestion__ ... ok
test tests::dgram_send_max_size::cc_algorithm_name_2___bbr2_gcongestion__ ... ok
test tests::dgram_send_queue_overflow::cc_algorithm_name_1___cubic__ ... ok
test tests::dgram_send_queue_overflow::cc_algorithm_name_2___bbr2_gcongestion__ ... ok
test tests::dgram_single_datagram::cc_algorithm_name_2___bbr2_gcongestion__ ... ok
test tests::dgram_single_datagram::cc_algorithm_name_1___cubic__ ... ok
test tests::early_1rtt_packet::cc_algorithm_name_2___bbr2_gcongestion__ ... ok
test tests::empty_payload::cc_algorithm_name_1___cubic__ ... ok
test tests::early_1rtt_packet::cc_algorithm_name_1___cubic__ ... ok
test tests::empty_stream_frame::cc_algorithm_name_1___cubic__::discard_1_true ... ok
test tests::empty_payload::cc_algorithm_name_2___bbr2_gcongestion__ ... ok
test tests::custom_limit_handshake_data::cc_algorithm_name_2___bbr2_gcongestion__ ... ok
test tests::custom_limit_handshake_data::cc_algorithm_name_1___cubic__ ... ok
test tests::empty_stream_frame::cc_algorithm_name_1___cubic__::discard_2_false ... ok
test tests::connect_custom_client_dcid ... ok
test tests::empty_stream_frame::cc_algorithm_name_2___bbr2_gcongestion__::discard_1_true ... ok
test tests::flow_control_limit_dup::cc_algorithm_name_2___bbr2_gcongestion__ ... ok
test tests::flow_control_limit::cc_algorithm_name_2___bbr2_gcongestion__ ... ok
test tests::empty_stream_frame::cc_algorithm_name_2___bbr2_gcongestion__::discard_2_false ... ok
test tests::flow_control_limit_dup::cc_algorithm_name_1___cubic__ ... ok
test tests::flow_control_drain::cc_algorithm_name_2___bbr2_gcongestion__ ... ok
test tests::flow_control_limit::cc_algorithm_name_1___cubic__ ... ok
test tests::flow_control_limit_send::cc_algorithm_name_2___bbr2_gcongestion__ ... ok
test tests::flow_control_limit_send::cc_algorithm_name_1___cubic__ ... ok
test tests::flow_control_update::cc_algorithm_name_2___bbr2_gcongestion__::discard_2_false ... ok
test tests::flow_control_reset_stream::cc_algorithm_name_2___bbr2_gcongestion__::inconsistent_final_size_frame_1___reset__ ... ok
test tests::flow_control_reset_stream::cc_algorithm_name_1___cubic__::inconsistent_final_size_frame_1___reset__ ... ok
test tests::flow_control_reset_stream::cc_algorithm_name_1___cubic__::inconsistent_final_size_frame_2___fin__ ... ok
test tests::flow_control_reset_stream::cc_algorithm_name_2___bbr2_gcongestion__::inconsistent_final_size_frame_2___fin__ ... ok
test tests::flow_control_update::cc_algorithm_name_1___cubic__::discard_1_true ... ok
test tests::flow_control_drain::cc_algorithm_name_1___cubic__ ... ok
test tests::explicit_connection_window_clamp_is_setter_order_independent_and_zero_is_preserved ... ok
test tests::flow_control_update::cc_algorithm_name_1___cubic__::discard_2_false ... ok
test tests::handshake::cc_algorithm_name_1___cubic__ ... ok
test tests::flow_control_update::cc_algorithm_name_2___bbr2_gcongestion__::discard_1_true ... ok
test tests::handshake::cc_algorithm_name_2___bbr2_gcongestion__ ... ok
test tests::handshake_0rtt_reordered::cc_algorithm_name_1___cubic__ ... ok
test tests::handshake_0rtt::cc_algorithm_name_1___cubic__ ... ok
test tests::handshake_confirmation::cc_algorithm_name_2___bbr2_gcongestion__ ... ok
test tests::invalid_initial_client::cc_algorithm_name_2___bbr2_gcongestion__ ... ok
test tests::handshake_0rtt::cc_algorithm_name_2___bbr2_gcongestion__ ... ok
test tests::handshake_0rtt_reordered::cc_algorithm_name_2___bbr2_gcongestion__ ... ok
test tests::invalid_initial_payload::cc_algorithm_name_2___bbr2_gcongestion__ ... ok
test tests::handshake_0rtt_truncated::cc_algorithm_name_1___cubic__ ... ok
test tests::handshake_0rtt_truncated::cc_algorithm_name_2___bbr2_gcongestion__ ... ok
test tests::invalid_initial_payload::cc_algorithm_name_1___cubic__ ... ok
test tests::handshake_confirmation::cc_algorithm_name_1___cubic__ ... ok
test tests::invalid_initial_client::cc_algorithm_name_1___cubic__ ... ok
test tests::handshake_done::cc_algorithm_name_1___cubic__ ... ok
test tests::handshake_done::cc_algorithm_name_2___bbr2_gcongestion__ ... ok
test tests::handshake_packet_type_corruption::cc_algorithm_name_1___cubic__ ... ok
test tests::handshake_packet_type_corruption::cc_algorithm_name_2___bbr2_gcongestion__ ... ok
test tests::initial_cwnd::cc_algorithm_name_1___cubic__ ... ok
test tests::early_retransmit::cc_algorithm_name_2___bbr2_gcongestion__ ... ok
test tests::initial_cwnd::cc_algorithm_name_2___bbr2_gcongestion__ ... ok
test tests::invalid_initial_source_connection_id::cc_algorithm_name_1___cubic__ ... ok
test tests::early_retransmit::cc_algorithm_name_1___cubic__ ... ok
test tests::invalid_initial_server::cc_algorithm_name_1___cubic__ ... ok
test tests::invalid_initial_server::cc_algorithm_name_2___bbr2_gcongestion__ ... ok
test tests::handshake_alpn_mismatch::cc_algorithm_name_1___cubic__ ... ok
test tests::invalid_packet::cc_algorithm_name_1___cubic__ ... ok
test tests::handshake_alpn_mismatch::cc_algorithm_name_2___bbr2_gcongestion__ ... ok
test tests::max_streams_loss_pending_tracks_current_limit_for_both_types ... ok
test tests::invalid_initial_source_connection_id::cc_algorithm_name_2___bbr2_gcongestion__ ... ok
test tests::invalid_packet::cc_algorithm_name_2___bbr2_gcongestion__ ... ok
test tests::handshake_anti_deadlock::cc_algorithm_name_1___cubic__ ... ok
test tests::handshake_anti_deadlock::cc_algorithm_name_2___bbr2_gcongestion__ ... ok
test tests::is_readable::cc_algorithm_name_1___cubic__::discard_1_true ... ok
test tests::is_readable::cc_algorithm_name_1___cubic__::discard_2_false ... ok
test tests::is_readable::cc_algorithm_name_2___bbr2_gcongestion__::discard_2_false ... ok
test tests::is_readable::cc_algorithm_name_2___bbr2_gcongestion__::discard_1_true ... ok
test tests::late_empty_fin_is_emitted_after_payload_ack_and_peer_fin ... ok
test tests::local_error::cc_algorithm_name_1___cubic__ ... ok
test tests::local_error::cc_algorithm_name_2___bbr2_gcongestion__ ... ok
test tests::min_payload::cc_algorithm_name_1___cubic__ ... ok
test tests::min_payload::cc_algorithm_name_2___bbr2_gcongestion__ ... ok
test tests::max_stream_data_receive_uni::cc_algorithm_name_1___cubic__ ... ok
test tests::max_stream_data_receive_uni::cc_algorithm_name_2___bbr2_gcongestion__ ... ok
test tests::limit_handshake_data::cc_algorithm_name_1___cubic__ ... ok
test tests::missing_initial_source_connection_id::cc_algorithm_name_1___cubic__ ... ok
test tests::optimistic_ack_mitigation_via_skip_pn::cc_algorithm_name_2___bbr2_gcongestion__ ... ok
test tests::limit_ack_ranges::cc_algorithm_name_2___bbr2_gcongestion__ ... ok
test tests::missing_initial_source_connection_id::cc_algorithm_name_2___bbr2_gcongestion__ ... ok
test tests::optimistic_ack_mitigation_via_skip_pn::cc_algorithm_name_1___cubic__ ... ok
test tests::limit_ack_ranges::cc_algorithm_name_1___cubic__ ... ok
test tests::paired_credit_preserves_larger_advertised_max_data_and_stream_lower_bound ... ok
test tests::paired_receive_credit_autotunes_connection_window_once_per_update ... ok
test tests::paired_max_streams_bidi_retransmission_keeps_control_stream_live ... ok
test tests::limit_handshake_data::cc_algorithm_name_2___bbr2_gcongestion__ ... ok
test tests::paired_max_streams_uni_and_max_data_are_retransmitted_after_loss ... ok
test tests::path_probing_dos::cc_algorithm_name_1___cubic__ ... ok
test tests::path_challenge::cc_algorithm_name_2___bbr2_gcongestion__ ... ok
test tests::paired_receive_credit_keeps_stream_and_connection_updates_in_one_packet ... ok
test tests::handshake_resumption::cc_algorithm_name_1___cubic__ ... ok
test tests::path_validation_limited_mtu::cc_algorithm_name_2___bbr2_gcongestion__ ... ok
test tests::path_challenge::cc_algorithm_name_1___cubic__ ... ok
test tests::peer_cert::cc_algorithm_name_1___cubic__ ... ok
test tests::peer_cert::cc_algorithm_name_2___bbr2_gcongestion__ ... ok
test tests::path_validation::cc_algorithm_name_2___bbr2_gcongestion__ ... ok
test tests::handshake_resumption::cc_algorithm_name_2___bbr2_gcongestion__ ... ok
test tests::path_probing_dos::cc_algorithm_name_2___bbr2_gcongestion__ ... ok
test tests::path_validation_limited_mtu::cc_algorithm_name_1___cubic__ ... ok
test tests::path_validation::cc_algorithm_name_1___cubic__ ... ok
test tests::peer_error::cc_algorithm_name_1___cubic__ ... ok
test tests::peer_error::cc_algorithm_name_2___bbr2_gcongestion__ ... ok
test tests::pmtud_probe_retry_after_loss::cc_algorithm_name_1___cubic__ ... ok
test tests::pmtud_no_duplicate_probes::cc_algorithm_name_1___cubic__ ... ok
test tests::pmtud_probe_retry_after_loss::cc_algorithm_name_2___bbr2_gcongestion__ ... ok
test tests::pmtud_no_duplicate_probes::cc_algorithm_name_2___bbr2_gcongestion__ ... ok
test tests::pmtud_probe_success::cc_algorithm_name_2___bbr2_gcongestion__ ... ok
test tests::pmtud_probe_success::cc_algorithm_name_1___cubic__ ... ok
test tests::paired_max_streams_uni_after_fin_and_reset_carries_connection_credit ... ok
test tests::last_tx_data_larger_than_tx_data::cc_algorithm_name_2___bbr2_gcongestion__::discard_1_true ... ok
test tests::last_tx_data_larger_than_tx_data::cc_algorithm_name_2___bbr2_gcongestion__::discard_2_false ... ok
test tests::recv_empty_buffer::cc_algorithm_name_2___bbr2_gcongestion__ ... ok
test tests::prevent_optimistic_ack::cc_algorithm_name_1___cubic__ ... ok
test tests::prevent_optimistic_ack::cc_algorithm_name_2___bbr2_gcongestion__ ... ok
test tests::recv_empty_buffer::cc_algorithm_name_1___cubic__ ... ok
test tests::last_tx_data_larger_than_tx_data::cc_algorithm_name_1___cubic__::discard_2_false ... ok
test tests::last_tx_data_larger_than_tx_data::cc_algorithm_name_1___cubic__::discard_1_true ... ok
test tests::peer_cert_chain::cc_algorithm_name_1___cubic__ ... ok
test tests::reset_before_flushed_packets::cc_algorithm_name_1___cubic__::discard_1_true ... ok
test tests::reset_before_flushed_packets::cc_algorithm_name_1___cubic__::discard_2_false ... ok
test tests::reset_before_flushed_packets::cc_algorithm_name_2___bbr2_gcongestion__::discard_1_true ... ok
test tests::reset_stream_data_recvd::cc_algorithm_name_1___cubic__::discard_2_false ... ok
test tests::peer_cert_chain::cc_algorithm_name_2___bbr2_gcongestion__ ... ok
test tests::reset_stream_data_not_recvd::cc_algorithm_name_2___bbr2_gcongestion__::discard_1_true ... ok
test tests::reset_before_flushed_packets::cc_algorithm_name_2___bbr2_gcongestion__::discard_2_false ... ok
test tests::reset_stream_flow_control::cc_algorithm_name_1___cubic__ ... ok
test tests::reset_stream_data_not_recvd::cc_algorithm_name_1___cubic__::discard_1_true ... ok
test tests::reset_stream_flow_control_stream::cc_algorithm_name_2___bbr2_gcongestion__ ... ok
test tests::reset_stream_data_recvd::cc_algorithm_name_2___bbr2_gcongestion__::discard_2_false ... ok
test tests::reset_stream_data_not_recvd::cc_algorithm_name_1___cubic__::discard_2_false ... ok
test tests::reset_stream_data_recvd::cc_algorithm_name_2___bbr2_gcongestion__::discard_1_true ... ok
test tests::retiring_active_path_dcid::cc_algorithm_name_2___bbr2_gcongestion__ ... ok
test tests::reset_stream_data_recvd::cc_algorithm_name_1___cubic__::discard_1_true ... ok
test tests::reset_stream_flow_control_stream::cc_algorithm_name_1___cubic__ ... ok
test tests::reset_stream_data_not_recvd::cc_algorithm_name_2___bbr2_gcongestion__::discard_2_false ... ok
test tests::reset_stream_flow_control::cc_algorithm_name_2___bbr2_gcongestion__ ... ok
test tests::retiring_active_path_dcid::cc_algorithm_name_1___cubic__ ... ok
test tests::send_ack_eliciting_causes_ping::cc_algorithm_name_1___cubic__ ... ok
test tests::lost_connection_id_frames::cc_algorithm_name_1___cubic__ ... ok
test tests::send_ack_eliciting_no_ping::cc_algorithm_name_1___cubic__ ... ok
test tests::send_capacity::cc_algorithm_name_2___bbr2_gcongestion__::discard_1_true ... ok
test tests::send_capacity::cc_algorithm_name_1___cubic__::discard_1_true ... ok
test tests::retry_invalid_original_destination_connection_id::cc_algorithm_name_1___cubic__ ... ok
test tests::send_ack_eliciting_causes_ping::cc_algorithm_name_2___bbr2_gcongestion__ ... ok
test tests::lost_connection_id_frames::cc_algorithm_name_2___bbr2_gcongestion__ ... ok
test tests::send_connection_ids::cc_algorithm_name_2___bbr2_gcongestion__ ... ok
test tests::send_ack_eliciting_no_ping::cc_algorithm_name_2___bbr2_gcongestion__ ... ok
test tests::send_capacity::cc_algorithm_name_1___cubic__::discard_2_false ... ok
test tests::send_capacity::cc_algorithm_name_2___bbr2_gcongestion__::discard_2_false ... ok
test tests::send_connection_ids::cc_algorithm_name_1___cubic__ ... ok
test tests::retry::cc_algorithm_name_1___cubic__ ... ok
test tests::retry::cc_algorithm_name_2___bbr2_gcongestion__ ... ok
test tests::retry_missing_original_destination_connection_id::cc_algorithm_name_1___cubic__ ... ok
test tests::sending_duplicate_scids::cc_algorithm_name_1___cubic__ ... ok
test tests::retry_invalid_original_destination_connection_id::cc_algorithm_name_2___bbr2_gcongestion__ ... ok
test tests::send_on_path_test::cc_algorithm_name_1___cubic__ ... ok
test tests::retry_invalid_source_connection_id::cc_algorithm_name_1___cubic__ ... ok
test tests::sends_ack_only_pkt_when_full_cwnd_and_ack_elicited::cc_algorithm_name_1___cubic__ ... ok
test tests::send_on_path_test::cc_algorithm_name_2___bbr2_gcongestion__ ... ok
test tests::retry_missing_original_destination_connection_id::cc_algorithm_name_2___bbr2_gcongestion__ ... ok
test tests::retry_separate_source_connection_id::cc_algorithm_name_1___cubic__ ... ok
test tests::retry_invalid_source_connection_id::cc_algorithm_name_2___bbr2_gcongestion__ ... ok
test tests::retry_separate_source_connection_id::cc_algorithm_name_2___bbr2_gcongestion__ ... ok
test tests::sending_duplicate_scids::cc_algorithm_name_2___bbr2_gcongestion__ ... ok
test tests::sends_ack_only_pkt_when_full_cwnd_and_ack_elicited::cc_algorithm_name_2___bbr2_gcongestion__ ... ok
test tests::sends_ack_only_pkt_when_full_cwnd_and_ack_elicited_despite_max_unacknowledging::cc_algorithm_name_2___bbr2_gcongestion__ ... ok
test tests::stop_sending::cc_algorithm_name_1___cubic__::discard_2_false ... ok
test tests::stop_sending::cc_algorithm_name_2___bbr2_gcongestion__::discard_1_true ... ok
test tests::stop_sending::cc_algorithm_name_1___cubic__::discard_1_true ... ok
test tests::sends_ack_only_pkt_when_full_cwnd_and_ack_elicited_despite_max_unacknowledging::cc_algorithm_name_1___cubic__ ... ok
test tests::stop_sending_ack_race::cc_algorithm_name_2___bbr2_gcongestion__::discard_1_true ... ok
test tests::stop_sending_ack_race::cc_algorithm_name_1___cubic__::discard_2_false ... ok
test tests::stop_sending_before_flushed_packets::cc_algorithm_name_1___cubic__::discard_2_false ... ok
test tests::stop_sending_ack_race::cc_algorithm_name_1___cubic__::discard_1_true ... ok
test tests::stop_sending::cc_algorithm_name_2___bbr2_gcongestion__::discard_2_false ... ok
test tests::stop_sending_ack_race::cc_algorithm_name_2___bbr2_gcongestion__::discard_2_false ... ok
test tests::stop_sending_fin::cc_algorithm_name_1___cubic__::discard_2_false ... ok
test tests::stop_sending_before_flushed_packets::cc_algorithm_name_1___cubic__::discard_1_true ... ok
test tests::stop_sending_stream_ack_race::cc_algorithm_name_1___cubic__::discard_1_true ... ok
test tests::stop_sending_fin::cc_algorithm_name_1___cubic__::discard_1_true ... ok
test tests::stop_sending_fin::cc_algorithm_name_2___bbr2_gcongestion__::discard_2_false ... ok
test tests::stop_sending_before_flushed_packets::cc_algorithm_name_2___bbr2_gcongestion__::discard_2_false ... ok
test tests::stop_sending_before_flushed_packets::cc_algorithm_name_2___bbr2_gcongestion__::discard_1_true ... ok
test tests::stop_sending_stream_ack_race::cc_algorithm_name_2___bbr2_gcongestion__::discard_2_false ... ok
test tests::stop_sending_fin::cc_algorithm_name_2___bbr2_gcongestion__::discard_1_true ... ok
test tests::stop_sending_stream_ack_race::cc_algorithm_name_1___cubic__::discard_2_false ... ok
test tests::stop_sending_stream_ack_race::cc_algorithm_name_2___bbr2_gcongestion__::discard_1_true ... ok
test tests::stop_sending_stream_send_after_reset_stream_ack::cc_algorithm_name_1___cubic__::discard_2_false ... ok
test tests::stop_sending_stream_send_after_reset_stream_ack::cc_algorithm_name_2___bbr2_gcongestion__::discard_2_false ... ok
test tests::stop_sending_unsent_tx_cap::cc_algorithm_name_1___cubic__::discard_1_true ... ok
test tests::stop_sending_unsent_tx_cap::cc_algorithm_name_2___bbr2_gcongestion__::discard_1_true ... ok
test tests::stop_sending_stream_send_after_reset_stream_ack::cc_algorithm_name_1___cubic__::discard_1_true ... ok
test tests::stop_sending_unsent_tx_cap::cc_algorithm_name_1___cubic__::discard_2_false ... ok
test tests::stop_sending_stream_send_after_reset_stream_ack::cc_algorithm_name_2___bbr2_gcongestion__::discard_1_true ... ok
test tests::stream_data_blocked::cc_algorithm_name_1___cubic__ ... ok
test tests::stream_data_blocked::cc_algorithm_name_2___bbr2_gcongestion__ ... ok
test tests::stop_sending_unsent_tx_cap::cc_algorithm_name_2___bbr2_gcongestion__::discard_2_false ... ok
test tests::stream_data_overlap_with_reordering::cc_algorithm_name_2___bbr2_gcongestion__::discard_1_true ... ok
test tests::stream_data_blocked_unblocked_flow_control::cc_algorithm_name_1___cubic__::discard_1_true ... ok
test tests::stream_data_blocked_unblocked_flow_control::cc_algorithm_name_1___cubic__::discard_2_false ... ok
test tests::stream_data_blocked_unblocked_flow_control::cc_algorithm_name_2___bbr2_gcongestion__::discard_1_true ... ok
test tests::stream_data_blocked_unblocked_flow_control::cc_algorithm_name_2___bbr2_gcongestion__::discard_2_false ... ok
test tests::stream_data_overlap::cc_algorithm_name_2___bbr2_gcongestion__::discard_2_false ... ok
test tests::stream_data_overlap_with_reordering::cc_algorithm_name_2___bbr2_gcongestion__::discard_2_false ... ok
test tests::stream_data_overlap::cc_algorithm_name_1___cubic__::discard_1_true ... ok
test tests::stream_data_overlap::cc_algorithm_name_1___cubic__::discard_2_false ... ok
test tests::stream_data_overlap_with_reordering::cc_algorithm_name_1___cubic__::discard_1_true ... ok
test tests::stream_data_overlap_with_reordering::cc_algorithm_name_1___cubic__::discard_2_false ... ok
test tests::stream_data_overlap::cc_algorithm_name_2___bbr2_gcongestion__::discard_1_true ... ok
test tests::stream_datagram_priority::cc_algorithm_name_2___bbr2_gcongestion__::discard_1_true ... ok
test tests::stream_datagram_priority::cc_algorithm_name_2___bbr2_gcongestion__::discard_2_false ... ok
test tests::stream_datagram_priority::cc_algorithm_name_1___cubic__::discard_2_false ... ok
test tests::stream_datagram_priority::cc_algorithm_name_1___cubic__::discard_1_true ... ok
test tests::stream_flow_control_limit_uni::cc_algorithm_name_1___cubic__ ... ok
test tests::stream_flow_control_limit_bidi::cc_algorithm_name_1___cubic__ ... ok
test tests::stream_flow_control_limit_bidi::cc_algorithm_name_2___bbr2_gcongestion__ ... ok
test tests::stream_flow_control_update::cc_algorithm_name_1___cubic__::discard_2_false ... ok
test tests::stream_flow_control_update::cc_algorithm_name_1___cubic__::discard_1_true ... ok
test tests::stream_left_bidi::cc_algorithm_name_2___bbr2_gcongestion__ ... ok
test tests::stream_flow_control_update::cc_algorithm_name_2___bbr2_gcongestion__::discard_1_true ... ok
test tests::stream_left_reset_bidi::cc_algorithm_name_2___bbr2_gcongestion__::discard_2_false ... ok
test tests::stream_flow_control_limit_uni::cc_algorithm_name_2___bbr2_gcongestion__ ... ok
test tests::stream_left_uni::cc_algorithm_name_2___bbr2_gcongestion__ ... ok
test tests::stream_flow_control_update::cc_algorithm_name_2___bbr2_gcongestion__::discard_2_false ... ok
test tests::stream_left_bidi::cc_algorithm_name_1___cubic__ ... ok
test tests::stream_left_reset_bidi::cc_algorithm_name_2___bbr2_gcongestion__::discard_1_true ... ok
test tests::stream_left_reset_bidi::cc_algorithm_name_1___cubic__::discard_2_false ... ok
test tests::stream_limit_max_uni::cc_algorithm_name_1___cubic__ ... ok
test tests::stream_left_reset_bidi::cc_algorithm_name_1___cubic__::discard_1_true ... ok
test tests::stream_left_uni::cc_algorithm_name_1___cubic__ ... ok
test tests::stream_limit_bidi::cc_algorithm_name_1___cubic__ ... ok
test tests::stream_limit_bidi::cc_algorithm_name_2___bbr2_gcongestion__ ... ok
test tests::stream_limit_max_bidi::cc_algorithm_name_2___bbr2_gcongestion__ ... ok
test tests::stream_limit_max_bidi::cc_algorithm_name_1___cubic__ ... ok
test tests::stream_limit_max_uni::cc_algorithm_name_2___bbr2_gcongestion__ ... ok
test tests::stream_limit_update_bidi::cc_algorithm_name_2___bbr2_gcongestion__::discard_1_true ... ok
test tests::stream_limit_update_bidi::cc_algorithm_name_1___cubic__::discard_2_false ... ok
test tests::stream_limit_uni::cc_algorithm_name_2___bbr2_gcongestion__ ... ok
test tests::stream_limit_uni::cc_algorithm_name_1___cubic__ ... ok
test tests::stream_limit_update_uni::cc_algorithm_name_2___bbr2_gcongestion__::discard_1_true ... ok
test tests::stream_limit_update_bidi::cc_algorithm_name_1___cubic__::discard_1_true ... ok
test tests::stream_limit_update_uni::cc_algorithm_name_1___cubic__::discard_1_true ... ok
test tests::stream_limit_update_bidi::cc_algorithm_name_2___bbr2_gcongestion__::discard_2_false ... ok
test tests::stream_readable::cc_algorithm_name_1___cubic__::discard_1_true ... ok
test tests::stream_limit_update_uni::cc_algorithm_name_2___bbr2_gcongestion__::discard_2_false ... ok
test tests::stream_limit_update_uni::cc_algorithm_name_1___cubic__::discard_2_false ... ok
test tests::stream_priority::cc_algorithm_name_2___bbr2_gcongestion__::discard_1_true ... ok
test tests::stream_priority::cc_algorithm_name_1___cubic__::discard_1_true ... ok
test tests::stream_priority::cc_algorithm_name_1___cubic__::discard_2_false ... ok
test tests::stream_priority::cc_algorithm_name_2___bbr2_gcongestion__::discard_2_false ... ok
test tests::stream_reprioritize::cc_algorithm_name_2___bbr2_gcongestion__::discard_1_true ... ok
test tests::stream_readable::cc_algorithm_name_2___bbr2_gcongestion__::discard_2_false ... ok
test tests::stream_reprioritize::cc_algorithm_name_1___cubic__::discard_1_true ... ok
test tests::stream_readable::cc_algorithm_name_1___cubic__::discard_2_false ... ok
test tests::stream_readable::cc_algorithm_name_2___bbr2_gcongestion__::discard_1_true ... ok
test tests::stream_reprioritize::cc_algorithm_name_2___bbr2_gcongestion__::discard_2_false ... ok
test tests::stream_send_retained_counts_live_stream_offset_spans_until_ack ... ok
test tests::stream_reprioritize::cc_algorithm_name_1___cubic__::discard_2_false ... ok
test tests::stream_reset_counts::cc_algorithm_name_2___bbr2_gcongestion__ ... ok
test tests::stream_round_robin::cc_algorithm_name_1___cubic__ ... ok
test tests::stream_send_on_32bit_arch::cc_algorithm_name_2___bbr2_gcongestion__ ... ok
test tests::stream_reset_counts::cc_algorithm_name_1___cubic__ ... ok
test tests::stream_round_robin::cc_algorithm_name_2___bbr2_gcongestion__ ... ok
test tests::stream_send_on_32bit_arch::cc_algorithm_name_1___cubic__ ... ok
test tests::stream_shutdown_read::cc_algorithm_name_1___cubic__::discard_1_true ... ok
test tests::stream_send_retained_reset_clears_data_and_fin_adds_no_offset ... ok
test tests::stream_send_retained_keeps_out_of_order_ack_holes_and_retransmissions ... ok
test tests::stream_send_retained_releases_only_contiguous_acknowledged_prefixes ... ok
test tests::stream_send_retained_peer_stop_sending_releases_reset_data ... ok
test tests::stream_shutdown_read_after_fin::cc_algorithm_name_1___cubic__::discard_1_true ... ok
test tests::stream_shutdown_read_after_fin::cc_algorithm_name_2___bbr2_gcongestion__::discard_1_true ... ok
test tests::stream_shutdown_read::cc_algorithm_name_2___bbr2_gcongestion__::discard_2_false ... ok
test tests::stream_shutdown_read::cc_algorithm_name_2___bbr2_gcongestion__::discard_1_true ... ok
test tests::stream_shutdown_read::cc_algorithm_name_1___cubic__::discard_2_false ... ok
test tests::stream_shutdown_read_update_max_data::cc_algorithm_name_1___cubic__::discard_2_false ... ok
test tests::stream_shutdown_read_update_max_data::cc_algorithm_name_2___bbr2_gcongestion__::discard_1_true ... ok
test tests::stream_shutdown_read_after_fin::cc_algorithm_name_1___cubic__::discard_2_false ... ok
test tests::stream_shutdown_read_after_fin::cc_algorithm_name_2___bbr2_gcongestion__::discard_2_false ... ok
test tests::stream_shutdown_read_update_max_data::cc_algorithm_name_1___cubic__::discard_1_true ... ok
test tests::stream_shutdown_write::cc_algorithm_name_2___bbr2_gcongestion__::discard_1_true ... ok
test tests::stream_shutdown_read_update_max_data::cc_algorithm_name_2___bbr2_gcongestion__::discard_2_false ... ok
test tests::stream_shutdown_write_update_max_data::cc_algorithm_name_1___cubic__::discard_1_true ... ok
test tests::stream_shutdown_uni::cc_algorithm_name_2___bbr2_gcongestion__ ... ok
test tests::stream_shutdown_uni::cc_algorithm_name_1___cubic__ ... ok
test tests::stream_shutdown_write_unsent_tx_cap::cc_algorithm_name_2___bbr2_gcongestion__::discard_2_false ... ok
test tests::stream_shutdown_write::cc_algorithm_name_1___cubic__::discard_2_false ... ok
test tests::stream_shutdown_write::cc_algorithm_name_1___cubic__::discard_1_true ... ok
test tests::stream_shutdown_write_unsent_tx_cap::cc_algorithm_name_1___cubic__::discard_2_false ... ok
test tests::stream_shutdown_write_update_max_data::cc_algorithm_name_2___bbr2_gcongestion__::discard_1_true ... ok
test tests::stream_shutdown_write_unsent_tx_cap::cc_algorithm_name_2___bbr2_gcongestion__::discard_1_true ... ok
test tests::stream_shutdown_write::cc_algorithm_name_2___bbr2_gcongestion__::discard_2_false ... ok
test tests::stream_shutdown_write_unsent_tx_cap::cc_algorithm_name_1___cubic__::discard_1_true ... ok
test tests::stream_shutdown_write_update_max_data::cc_algorithm_name_1___cubic__::discard_2_false ... ok
test tests::stream_stop_counts::cc_algorithm_name_2___bbr2_gcongestion__ ... ok
test tests::stream_writable::cc_algorithm_name_1___cubic__::discard_1_true ... ok
test tests::stream_shutdown_write_update_max_data::cc_algorithm_name_2___bbr2_gcongestion__::discard_2_false ... ok
test tests::stream_stop_counts::cc_algorithm_name_1___cubic__ ... ok
test tests::stream_writable::cc_algorithm_name_2___bbr2_gcongestion__::discard_1_true ... ok
test tests::stream_zero_length_fin::cc_algorithm_name_1___cubic__::discard_2_false ... ok
test tests::stream_writable::cc_algorithm_name_1___cubic__::discard_2_false ... ok
test tests::stream_writable_blocked::cc_algorithm_name_2___bbr2_gcongestion__::discard_1_true ... ok
test tests::stream_writable::cc_algorithm_name_2___bbr2_gcongestion__::discard_2_false ... ok
test tests::stream_zero_length_fin::cc_algorithm_name_2___bbr2_gcongestion__::discard_1_true ... ok
test tests::stream_writable_blocked::cc_algorithm_name_1___cubic__::discard_1_true ... ok
test tests::transport_params_forbid_duplicates ... ok
test tests::transport_params ... ok
test tests::transport_params_unknown_is_reserved ... ok
test tests::transport_params_unknown_max_space_respected ... ok
test tests::transport_params_unknown_zero_space ... ok
test tests::stream_writable_blocked::cc_algorithm_name_1___cubic__::discard_2_false ... ok
test tests::stream_zero_length_fin_deferred_collection::cc_algorithm_name_2___bbr2_gcongestion__::discard_2_false ... ok
test tests::stream_zero_length_fin_deferred_collection::cc_algorithm_name_2___bbr2_gcongestion__::discard_1_true ... ok
test tests::stream_writable_blocked::cc_algorithm_name_2___bbr2_gcongestion__::discard_2_false ... ok
test tests::stream_zero_length_fin::cc_algorithm_name_1___cubic__::discard_1_true ... ok
test tests::stream_zero_length_fin::cc_algorithm_name_2___bbr2_gcongestion__::discard_2_false ... ok
test tests::stream_zero_length_fin_deferred_collection::cc_algorithm_name_1___cubic__::discard_2_false ... ok
test tests::stream_zero_length_fin_deferred_collection::cc_algorithm_name_1___cubic__::discard_1_true ... ok
test tests::streamio_mixed_actions::cc_algorithm_name_1___cubic__ ... ok
test tests::streamio::cc_algorithm_name_2___bbr2_gcongestion__ ... ok
test tests::stream_zero_length_non_fin::cc_algorithm_name_1___cubic__ ... ok
test tests::streamio::cc_algorithm_name_1___cubic__ ... ok
test tests::stream_zero_length_non_fin::cc_algorithm_name_2___bbr2_gcongestion__ ... ok
test tests::streams_blocked_max_bidi::cc_algorithm_name_2___bbr2_gcongestion__ ... ok
test tests::streams_blocked_max_bidi::cc_algorithm_name_1___cubic__ ... ok
test tests::streamio_mixed_actions::cc_algorithm_name_2___bbr2_gcongestion__ ... ok
test tests::update_key_request::cc_algorithm_name_1___cubic__::discard_1_true ... ok
test tests::update_key_request::cc_algorithm_name_1___cubic__::discard_2_false ... ok
test tests::streams_blocked_max_uni::cc_algorithm_name_2___bbr2_gcongestion__ ... ok
test tests::streams_blocked_max_uni::cc_algorithm_name_1___cubic__ ... ok
test tests::transport_close_by_client_during_handshake_established::cc_algorithm_name_2___bbr2_gcongestion__ ... ok
test tests::transport_close_by_client_during_handshake_established::cc_algorithm_name_1___cubic__ ... ok
test tests::tx_cap_factor::discard_1_true ... ok
test tests::update_key_request_twice_error::cc_algorithm_name_2___bbr2_gcongestion__ ... ok
test tests::update_key_request::cc_algorithm_name_2___bbr2_gcongestion__::discard_2_false ... ok
test tests::tx_cap_factor::discard_2_false ... ok
test tests::validate_peer_sent_ack_range::cc_algorithm_name_1___cubic__ ... ok
test tests::update_key_request::cc_algorithm_name_2___bbr2_gcongestion__::discard_1_true ... ok
test tests::update_key_request_twice_error::cc_algorithm_name_1___cubic__ ... ok
test tests::validate_peer_sent_ack_range::cc_algorithm_name_2___bbr2_gcongestion__ ... ok
test tests::zero_length_new_token::cc_algorithm_name_1___cubic__ ... ok
test tests::validate_peer_sent_ack_range_for_multi_path::cc_algorithm_name_2___bbr2_gcongestion__ ... ok
test tests::validate_peer_sent_ack_range_for_multi_path::cc_algorithm_name_1___cubic__ ... ok
test tests::unknown_version ... ok
test tests::zero_rtt::cc_algorithm_name_2___bbr2_gcongestion__ ... ok
test tests::verify_custom_root ... ok
test tests::update_max_datagram_size::cc_algorithm_name_2___bbr2_gcongestion__ ... ok
test tests::update_max_datagram_size::cc_algorithm_name_1___cubic__ ... ok
test tests::zero_length_new_token::cc_algorithm_name_2___bbr2_gcongestion__ ... ok
test tests::zero_rtt::cc_algorithm_name_1___cubic__ ... ok
test tests::verify_client_anonymous ... ok
test tests::version_negotiation ... ok
test tests::verify_client_invalid ... ok
test tests::losing_probing_packets::cc_algorithm_name_1___cubic__ ... ok
test tests::losing_probing_packets::cc_algorithm_name_2___bbr2_gcongestion__ ... ok
test tests::resilience_against_migration_attack::cc_algorithm_name_1___cubic__ ... ok
test tests::retry_with_pto::cc_algorithm_name_1___cubic__ ... ok
test tests::resilience_against_migration_attack::cc_algorithm_name_2___bbr2_gcongestion__ ... ok
test tests::retry_with_pto::cc_algorithm_name_2___bbr2_gcongestion__ ... ok
test tests::dont_coalesce_probes::cc_algorithm_name_2___bbr2_gcongestion__ ... ok
test tests::dont_coalesce_probes::cc_algorithm_name_1___cubic__ ... ok
test tests::failed_path_validation::cc_algorithm_name_1___cubic__ ... ok
test tests::failed_path_validation::cc_algorithm_name_2___bbr2_gcongestion__ ... ok

test result: ok. 949 passed; 0 failed; 0 ignored; 0 measured; 0 filtered out; finished in 7.40s

