warmup standard/serial/ps
warmup standard/serial/grpc
warmup standard/serial/mixed
rep1 standard/serial/ps
rep1 standard/serial/grpc
rep1 standard/serial/mixed
rep2 standard/serial/mixed
rep2 standard/serial/grpc
rep2 standard/serial/ps
rep3 standard/serial/ps
rep3 standard/serial/grpc
rep3 standard/serial/mixed
rep4 standard/serial/mixed
rep4 standard/serial/grpc
rep4 standard/serial/ps
rep5 standard/serial/ps
rep5 standard/serial/grpc
rep5 standard/serial/mixed
warmup standard/pipe/ps
warmup standard/pipe/grpc
warmup standard/pipe/mixed
rep1 standard/pipe/ps
rep1 standard/pipe/grpc
rep1 standard/pipe/mixed
rep2 standard/pipe/mixed
rep2 standard/pipe/grpc
rep2 standard/pipe/ps
rep3 standard/pipe/ps
rep3 standard/pipe/grpc
rep3 standard/pipe/mixed
rep4 standard/pipe/mixed
rep4 standard/pipe/grpc
rep4 standard/pipe/ps
rep5 standard/pipe/ps
rep5 standard/pipe/grpc
rep5 standard/pipe/mixed
warmup large48/serial/ps
warmup large48/serial/grpc
warmup large48/serial/mixed
rep1 large48/serial/ps
rep1 large48/serial/grpc
rep1 large48/serial/mixed
rep2 large48/serial/mixed
rep2 large48/serial/grpc
rep2 large48/serial/ps
rep3 large48/serial/ps
rep3 large48/serial/grpc
rep3 large48/serial/mixed
rep4 large48/serial/mixed
rep4 large48/serial/grpc
rep4 large48/serial/ps
rep5 large48/serial/ps
rep5 large48/serial/grpc
rep5 large48/serial/mixed
warmup large48/pipe/ps
warmup large48/pipe/grpc
warmup large48/pipe/mixed
rep1 large48/pipe/ps
rep1 large48/pipe/grpc
rep1 large48/pipe/mixed
rep2 large48/pipe/mixed
rep2 large48/pipe/grpc
rep2 large48/pipe/ps
rep3 large48/pipe/ps
rep3 large48/pipe/grpc
rep3 large48/pipe/mixed
rep4 large48/pipe/mixed
rep4 large48/pipe/grpc
rep4 large48/pipe/ps
rep5 large48/pipe/ps
rep5 large48/pipe/grpc
rep5 large48/pipe/mixed
