READY 127.0.0.1:36853
Sep 10, 2026 5:21:56 AM io.netty.channel.ChannelInitializer exceptionCaught
WARNING: Failed to initialize a channel. Closing: [id: 0xdebebeed, QuicStreamAddress{streamId=14}]
io.netty.handler.codec.quic.QuicStreamResetException: STREAM_RESET
	at io.netty.handler.codec.quic.Quiche.convertToException(Quiche.java:939)
	at io.netty.handler.codec.quic.QuicheQuicChannel.streamRecv(QuicheQuicChannel.java:1011)
	at io.netty.handler.codec.quic.QuicheQuicStreamChannel$QuicStreamChannelUnsafe.recv(QuicheQuicStreamChannel.java:1000)
	at io.netty.handler.codec.quic.QuicheQuicStreamChannel$QuicStreamChannelUnsafe.beginRead(QuicheQuicStreamChannel.java:668)
	at io.netty.channel.DefaultChannelPipeline$HeadContext.read(DefaultChannelPipeline.java:1381)
	at io.netty.channel.AbstractChannelHandlerContext.read(AbstractChannelHandlerContext.java:708)
	at io.netty.channel.DefaultChannelPipeline.read(DefaultChannelPipeline.java:1025)
	at io.netty.channel.DefaultChannelPipeline.read(DefaultChannelPipeline.java:45)
	at io.netty.handler.codec.quic.QuicheQuicStreamChannel.read(QuicheQuicStreamChannel.java:317)
	at ai.pipestream.quic.v2.DurableServer$Connection$InputTransfer.begin(DurableServer.java:1075)
	at ai.pipestream.quic.v2.DurableServer$Connection.stream(DurableServer.java:479)
	at ai.pipestream.quic.v2.DurableServer$1.initChannel(DurableServer.java:182)
	at ai.pipestream.quic.v2.DurableServer$1.initChannel(DurableServer.java:171)
	at io.netty.channel.ChannelInitializer.initChannel(ChannelInitializer.java:128)
	at io.netty.channel.ChannelInitializer.handlerAdded(ChannelInitializer.java:111)
	at io.netty.channel.AbstractChannelHandlerContext.callHandlerAdded(AbstractChannelHandlerContext.java:989)
	at io.netty.channel.DefaultChannelPipeline.callHandlerAdded0(DefaultChannelPipeline.java:558)
	at io.netty.channel.DefaultChannelPipeline.access$100(DefaultChannelPipeline.java:45)
	at io.netty.channel.DefaultChannelPipeline$PendingHandlerAddedTask.execute(DefaultChannelPipeline.java:1482)
	at io.netty.channel.DefaultChannelPipeline.callHandlerAddedForAllHandlers(DefaultChannelPipeline.java:1136)
	at io.netty.channel.DefaultChannelPipeline.invokeHandlerAddedIfNeeded(DefaultChannelPipeline.java:599)
	at io.netty.channel.DefaultChannelPipeline$HeadContext.channelRegistered(DefaultChannelPipeline.java:1401)
	at io.netty.channel.DefaultChannelPipeline.fireChannelRegistered(DefaultChannelPipeline.java:766)
	at io.netty.handler.codec.quic.QuicheQuicStreamChannel$QuicStreamChannelUnsafe.register(QuicheQuicStreamChannel.java:526)
	at io.netty.channel.SingleThreadEventLoop.register(SingleThreadEventLoop.java:119)
	at io.netty.channel.SingleThreadEventLoop.register(SingleThreadEventLoop.java:113)
	at io.netty.handler.codec.quic.QuicheQuicChannel$1.onUnhandledInboundMessage(QuicheQuicChannel.java:466)
	at io.netty.channel.DefaultChannelPipeline$TailContext.channelRead(DefaultChannelPipeline.java:1315)
	at io.netty.channel.AbstractChannelHandlerContext.fireChannelRead(AbstractChannelHandlerContext.java:357)
	at ai.pipestream.quic.v2.TlsAuthentication$Guard.channelRead(TlsAuthentication.java:392)
	at io.netty.channel.AbstractChannelHandlerContext.fireChannelRead(AbstractChannelHandlerContext.java:357)
	at io.netty.channel.DefaultChannelPipeline$HeadContext.channelRead(DefaultChannelPipeline.java:1429)
	at io.netty.channel.DefaultChannelPipeline.fireChannelRead(DefaultChannelPipeline.java:918)
	at io.netty.handler.codec.quic.QuicheQuicChannel$QuicChannelUnsafe.recvStream(QuicheQuicChannel.java:1921)
	at io.netty.handler.codec.quic.QuicheQuicChannel$QuicChannelUnsafe.processReceived(QuicheQuicChannel.java:1800)
	at io.netty.handler.codec.quic.QuicheQuicChannel$QuicChannelUnsafe.connectionRecv(QuicheQuicChannel.java:1735)
	at io.netty.handler.codec.quic.QuicheQuicChannel.recv(QuicheQuicChannel.java:1021)
	at io.netty.handler.codec.quic.QuicheQuicCodec$QuicCodecHeaderProcessor.process(QuicheQuicCodec.java:370)
	at io.netty.handler.codec.quic.QuicHeaderParser.parse(QuicHeaderParser.java:142)
	at io.netty.handler.codec.quic.QuicheQuicCodec.handleQuicPacket(QuicheQuicCodec.java:200)
	at io.netty.handler.codec.quic.QuicheQuicCodec.channelRead(QuicheQuicCodec.java:191)
	at io.netty.channel.AbstractChannelHandlerContext.fireChannelRead(AbstractChannelHandlerContext.java:355)
	at ai.pipestream.quic.v2.DurableServer$3$1.channelRead(DurableServer.java:201)
	at io.netty.channel.AbstractChannelHandlerContext.fireChannelRead(AbstractChannelHandlerContext.java:357)
	at io.netty.channel.DefaultChannelPipeline$HeadContext.channelRead(DefaultChannelPipeline.java:1429)
	at io.netty.channel.DefaultChannelPipeline.fireChannelRead(DefaultChannelPipeline.java:918)
	at io.netty.channel.nio.AbstractNioMessageChannel$NioMessageUnsafe.read(AbstractNioMessageChannel.java:100)
	at io.netty.channel.nio.AbstractNioChannel$AbstractNioUnsafe.handle(AbstractNioChannel.java:445)
	at io.netty.channel.nio.NioIoHandler$DefaultNioRegistration.handle(NioIoHandler.java:388)
	at io.netty.channel.nio.NioIoHandler.processSelectedKey(NioIoHandler.java:596)
	at io.netty.channel.nio.NioIoHandler.processSelectedKeysPlain(NioIoHandler.java:541)
	at io.netty.channel.nio.NioIoHandler.processSelectedKeys(NioIoHandler.java:514)
	at io.netty.channel.nio.NioIoHandler.run(NioIoHandler.java:484)
	at io.netty.channel.SingleThreadIoEventLoop.runIo(SingleThreadIoEventLoop.java:225)
	at io.netty.channel.SingleThreadIoEventLoop.run(SingleThreadIoEventLoop.java:196)
	at io.netty.util.concurrent.SingleThreadEventExecutor$5.run(SingleThreadEventExecutor.java:1204)
	at io.netty.util.internal.ThreadExecutorMap$2.run(ThreadExecutorMap.java:74)
	at io.netty.util.concurrent.FastThreadLocalRunnable.run(FastThreadLocalRunnable.java:30)
	at java.base/java.lang.Thread.run(Thread.java:1474)

DRAINED
