lock acquired at 2026-09-11T05:29:22Z
[INFO] Tests run: 13, Failures: 0, Errors: 0, Skipped: 0, Time elapsed: 0.338 s -- in ai.pipestream.quic.v2.InputStoreTest
[INFO] Tests run: 3, Failures: 0, Errors: 0, Skipped: 0, Time elapsed: 0.053 s -- in ai.pipestream.quic.v2.OrphanScanTest
[INFO] Tests run: 3, Failures: 0, Errors: 0, Skipped: 0, Time elapsed: 0.092 s -- in ai.pipestream.quic.v2.OrphanRetainedReleaseTest
[INFO] Tests run: 6, Failures: 0, Errors: 0, Skipped: 0, Time elapsed: 0.114 s -- in ai.pipestream.quic.v2.OrphanStoreTest
[INFO] Tests run: 1, Failures: 0, Errors: 0, Skipped: 0, Time elapsed: 1.049 s -- in ai.pipestream.quic.v2.OrphanStoreRecoveryTest
[INFO] Tests run: 1, Failures: 0, Errors: 0, Skipped: 0, Time elapsed: 0.063 s -- in ai.pipestream.quic.v2.OutputRetentionDependencyTest
[INFO] Tests run: 3, Failures: 0, Errors: 0, Skipped: 0, Time elapsed: 0.086 s -- in ai.pipestream.quic.v2.OutputRetentionGeometryTest
[INFO] Tests run: 1, Failures: 0, Errors: 0, Skipped: 0, Time elapsed: 1.780 s -- in ai.pipestream.quic.v2.OutputRetentionStoreRecoveryTest
[INFO] Tests run: 9, Failures: 0, Errors: 0, Skipped: 0, Time elapsed: 0.311 s -- in ai.pipestream.quic.v2.OutputRetentionStoreTest
[INFO] Tests run: 1, Failures: 0, Errors: 0, Skipped: 0, Time elapsed: 1.209 s -- in ai.pipestream.quic.v2.OutputStoreReclaimRecoveryTest
[INFO] Tests run: 3, Failures: 0, Errors: 0, Skipped: 0, Time elapsed: 0.022 s -- in ai.pipestream.quic.v2.OutputStoreReclaimTest
[INFO] Tests run: 1, Failures: 0, Errors: 0, Skipped: 0, Time elapsed: 0.269 s -- in ai.pipestream.quic.v2.OutputStoreRecoveryTest
[INFO] Tests run: 1, Failures: 0, Errors: 0, Skipped: 0, Time elapsed: 0.397 s -- in ai.pipestream.quic.v2.OutputStoreResourceTest
[INFO] Tests run: 3, Failures: 0, Errors: 0, Skipped: 0, Time elapsed: 0.018 s -- in ai.pipestream.quic.v2.OutputStoreTest
[INFO] Tests run: 5, Failures: 0, Errors: 0, Skipped: 0, Time elapsed: 0.204 s -- in ai.pipestream.quic.v2.ProducedAdmissionTest
[INFO] Tests run: 4, Failures: 0, Errors: 0, Skipped: 0, Time elapsed: 0.108 s -- in ai.pipestream.quic.v2.ProducedDeclarationTest
[INFO] Tests run: 1, Failures: 0, Errors: 0, Skipped: 0, Time elapsed: 0.044 s -- in ai.pipestream.quic.v2.ProducedInputOrphanRaceTest
[INFO] Tests run: 1, Failures: 0, Errors: 0, Skipped: 0, Time elapsed: 0.576 s -- in ai.pipestream.quic.v2.ProducedRecoveryTest
[INFO] Tests run: 1, Failures: 0, Errors: 0, Skipped: 0, Time elapsed: 0.068 s -- in ai.pipestream.quic.v2.PublicationStoreCapacityTest
[INFO] Tests run: 1, Failures: 0, Errors: 0, Skipped: 0, Time elapsed: 0.529 s -- in ai.pipestream.quic.v2.PublicationStoreRecoveryTest
[INFO] Tests run: 5, Failures: 0, Errors: 0, Skipped: 0, Time elapsed: 0.120 s -- in ai.pipestream.quic.v2.PublicationStoreTest
[INFO] Tests run: 5, Failures: 0, Errors: 0, Skipped: 0, Time elapsed: 0.230 s -- in ai.pipestream.quic.v2.ResultServiceTest
[INFO] Tests run: 10, Failures: 0, Errors: 0, Skipped: 0, Time elapsed: 0.244 s -- in ai.pipestream.quic.v2.ResultStoreTest
[INFO] Tests run: 8, Failures: 0, Errors: 0, Skipped: 0, Time elapsed: 0.254 s -- in ai.pipestream.quic.v2.RetentionServiceTest
[INFO] Tests run: 1, Failures: 0, Errors: 0, Skipped: 0, Time elapsed: 1.138 s -- in ai.pipestream.quic.v2.RetentionStoreRecoveryTest
[INFO] Tests run: 12, Failures: 0, Errors: 0, Skipped: 0, Time elapsed: 0.417 s -- in ai.pipestream.quic.v2.RetentionStoreTest
[INFO] Tests run: 1, Failures: 0, Errors: 0, Skipped: 0, Time elapsed: 0.092 s -- in ai.pipestream.quic.v2.RetirementChildScopeTest
[INFO] Tests run: 5, Failures: 0, Errors: 0, Skipped: 0, Time elapsed: 0.089 s -- in ai.pipestream.quic.v2.RetirementIntegrityTest
[INFO] Tests run: 5, Failures: 0, Errors: 0, Skipped: 0, Time elapsed: 0.003 s -- in ai.pipestream.quic.v2.RetirementRecordTest
[INFO] Tests run: 3, Failures: 0, Errors: 0, Skipped: 0, Time elapsed: 0.086 s -- in ai.pipestream.quic.v2.RetirementServiceTest
[INFO] Tests run: 5, Failures: 0, Errors: 0, Skipped: 0, Time elapsed: 0.221 s -- in ai.pipestream.quic.v2.RetryStoreFailureTest
[INFO] Tests run: 8, Failures: 0, Errors: 0, Skipped: 0, Time elapsed: 0.257 s -- in ai.pipestream.quic.v2.RetryStoreTest
[INFO] Tests run: 1, Failures: 0, Errors: 0, Skipped: 0, Time elapsed: 1.607 s -- in ai.pipestream.quic.v2.SessionRetirementCrashTest
[INFO] Tests run: 3, Failures: 0, Errors: 0, Skipped: 0, Time elapsed: 0.090 s -- in ai.pipestream.quic.v2.SessionRetirementTest
[INFO] Tests run: 12, Failures: 0, Errors: 0, Skipped: 0, Time elapsed: 0.538 s -- in ai.pipestream.quic.v2.SessionStoreTest
[INFO] Tests run: 3, Failures: 0, Errors: 0, Skipped: 0, Time elapsed: 0.421 s -- in ai.pipestream.quic.v2.StoreBindingRecoveryTest
[INFO] Tests run: 6, Failures: 0, Errors: 0, Skipped: 0, Time elapsed: 0.060 s -- in ai.pipestream.quic.v2.StoreBindingTest
[INFO] Tests run: 5, Failures: 0, Errors: 0, Skipped: 0, Time elapsed: 0.314 s -- in ai.pipestream.quic.v2.StreamTransportTest
[INFO] Tests run: 1, Failures: 0, Errors: 0, Skipped: 0, Time elapsed: 0.001 s -- in ai.pipestream.quic.v2.TransportDependencyTest
[INFO] Tests run: 6, Failures: 0, Errors: 0, Skipped: 0, Time elapsed: 0.005 s -- in ai.pipestream.quic.v2.V2ObjectStreamTest
[INFO] Tests run: 11, Failures: 0, Errors: 0, Skipped: 0, Time elapsed: 0.006 s -- in ai.pipestream.quic.v2.V2ClientCorrelationTest
[INFO] Tests run: 1, Failures: 0, Errors: 0, Skipped: 0, Time elapsed: 1.670 s -- in ai.pipestream.quic.v2.V2CommitmentResourceTest
[INFO] Tests run: 16, Failures: 0, Errors: 0, Skipped: 0, Time elapsed: 0.378 s -- in ai.pipestream.quic.v2.V2CommitmentsTest
[INFO] Tests run: 13, Failures: 0, Errors: 0, Skipped: 0, Time elapsed: 2.183 s -- in ai.pipestream.quic.v2.V2CoreClientTest
[INFO] Tests run: 13, Failures: 0, Errors: 0, Skipped: 0, Time elapsed: 3.276 s -- in ai.pipestream.quic.v2.V2CoreServerTest
[INFO] Tests run: 1, Failures: 0, Errors: 0, Skipped: 0, Time elapsed: 22.87 s -- in ai.pipestream.quic.v2.V2MainProcessTest
[INFO] Tests run: 4, Failures: 0, Errors: 0, Skipped: 0, Time elapsed: 0.016 s -- in ai.pipestream.quic.v2.V2MainStorageFundingTest
[INFO] Tests run: 1, Failures: 0, Errors: 0, Skipped: 0, Time elapsed: 0.076 s -- in ai.pipestream.quic.v2.V2ObjectResourceTest
[INFO] Tests run: 9, Failures: 0, Errors: 0, Skipped: 0, Time elapsed: 1.352 s -- in ai.pipestream.quic.v2.V2TlsTest
[INFO] Tests run: 77, Failures: 0, Errors: 0, Skipped: 0, Time elapsed: 0.018 s -- in ai.pipestream.quic.v2.V2WireTest
[INFO] Tests run: 6, Failures: 0, Errors: 0, Skipped: 0, Time elapsed: 2.599 s -- in ai.pipestream.quic.SealedCheckpointStoreTest
[INFO] Tests run: 9, Failures: 0, Errors: 0, Skipped: 0, Time elapsed: 11.42 s -- in ai.pipestream.quic.SealedCompletionReservationsTest
[INFO] Tests run: 8, Failures: 0, Errors: 0, Skipped: 0, Time elapsed: 2.007 s -- in ai.pipestream.quic.SealedExecutorTest
[INFO] Tests run: 15, Failures: 0, Errors: 0, Skipped: 0, Time elapsed: 0.617 s -- in ai.pipestream.quic.SealedPayloadStoreTest
[INFO] Tests run: 3, Failures: 0, Errors: 0, Skipped: 0, Time elapsed: 0.002 s -- in ai.pipestream.quic.SealedScopeTest
[INFO] Tests run: 4, Failures: 0, Errors: 0, Skipped: 0, Time elapsed: 0.064 s -- in ai.pipestream.quic.SealedStateImagesTest
[INFO] Tests run: 14, Failures: 0, Errors: 0, Skipped: 0, Time elapsed: 0.453 s -- in ai.pipestream.quic.SealedStoreBindingTest
[INFO] Tests run: 3, Failures: 0, Errors: 0, Skipped: 0, Time elapsed: 0.001 s -- in ai.pipestream.quic.TlsPeerIdentityTest
[INFO] Tests run: 730, Failures: 0, Errors: 0, Skipped: 0
[INFO] BUILD SUCCESS
RUN_EXIT=0 at 2026-09-11T05:35:35Z
