lock acquired at 2026-09-11T09:30:50Z
[INFO] Tests run: 23, Failures: 0, Errors: 0, Skipped: 0, Time elapsed: 109.0 s -- in ai.pipestream.quic.SealedJobsTest
[INFO] Tests run: 4, Failures: 0, Errors: 0, Skipped: 0, Time elapsed: 0.005 s -- in ai.pipestream.quic.SealedProducerInputsTest
[INFO] Tests run: 12, Failures: 0, Errors: 0, Skipped: 0, Time elapsed: 1.025 s -- in ai.pipestream.quic.SealedProducerJournalTest
[INFO] Tests run: 11, Failures: 0, Errors: 0, Skipped: 0, Time elapsed: 1.896 s -- in ai.pipestream.quic.SealedReconciliationTest
[INFO] Tests run: 25, Failures: 0, Errors: 0, Skipped: 0, Time elapsed: 20.06 s -- in ai.pipestream.quic.SealedServerTest
[INFO] Tests run: 16, Failures: 0, Errors: 0, Skipped: 0, Time elapsed: 18.82 s -- in ai.pipestream.quic.SealedSessionStoreTest
[INFO] Tests run: 9, Failures: 0, Errors: 0, Skipped: 0, Time elapsed: 0.774 s -- in ai.pipestream.quic.SealedSqliteFilesTest
[INFO] Tests run: 6, Failures: 0, Errors: 0, Skipped: 0, Time elapsed: 0.054 s -- in ai.pipestream.quic.SealedSqliteImagesTest
[INFO] Tests run: 5, Failures: 0, Errors: 0, Skipped: 0, Time elapsed: 0.004 s -- in ai.pipestream.quic.SealedTransportTest
[INFO] Tests run: 6, Failures: 0, Errors: 0, Skipped: 0, Time elapsed: 0.005 s -- in ai.pipestream.quic.SealedWorkTest
[INFO] Tests run: 5, Failures: 0, Errors: 0, Skipped: 0, Time elapsed: 0.029 s -- in ai.pipestream.quic.WireTest
[INFO] Tests run: 6, Failures: 0, Errors: 0, Skipped: 0, Time elapsed: 0.243 s -- in ai.pipestream.quic.v2.AdmissionCapacityTest
[INFO] Tests run: 5, Failures: 0, Errors: 0, Skipped: 0, Time elapsed: 0.119 s -- in ai.pipestream.quic.v2.AdmissionPolicyTest
[INFO] Tests run: 1, Failures: 0, Errors: 0, Skipped: 0, Time elapsed: 0.465 s -- in ai.pipestream.quic.v2.AdmissionStoreRecoveryTest
[INFO] Tests run: 6, Failures: 0, Errors: 0, Skipped: 0, Time elapsed: 0.148 s -- in ai.pipestream.quic.v2.AdmissionStoreTest
[INFO] Tests run: 6, Failures: 0, Errors: 0, Skipped: 0, Time elapsed: 0.262 s -- in ai.pipestream.quic.v2.AuthorityExpansionRuntimeFailureTest
[INFO] Tests run: 2, Failures: 0, Errors: 0, Skipped: 0, Time elapsed: 0.201 s -- in ai.pipestream.quic.v2.AuthorityExpansionRuntimeTest
[INFO] Tests run: 2, Failures: 0, Errors: 0, Skipped: 0, Time elapsed: 0.268 s -- in ai.pipestream.quic.v2.AuthorityExpansionSchedulingTest
[INFO] Tests run: 1, Failures: 0, Errors: 0, Skipped: 0, Time elapsed: 0.342 s -- in ai.pipestream.quic.v2.AuthorizationClockRecoveryTest
[INFO] Tests run: 4, Failures: 0, Errors: 0, Skipped: 0, Time elapsed: 0.299 s -- in ai.pipestream.quic.v2.BranchExecutionCapacityTest
[INFO] Tests run: 2, Failures: 0, Errors: 0, Skipped: 0, Time elapsed: 0.460 s -- in ai.pipestream.quic.v2.BranchExecutionRecoveryTest
[INFO] Tests run: 5, Failures: 0, Errors: 0, Skipped: 0, Time elapsed: 0.498 s -- in ai.pipestream.quic.v2.BranchExecutionTest
[INFO] Tests run: 1, Failures: 0, Errors: 0, Skipped: 0, Time elapsed: 0.127 s -- in ai.pipestream.quic.v2.BranchSchedulerTest
[INFO] Tests run: 3, Failures: 0, Errors: 0, Skipped: 0, Time elapsed: 0.174 s -- in ai.pipestream.quic.v2.CancellationReconciliationTest
[INFO] Tests run: 4, Failures: 0, Errors: 0, Skipped: 0, Time elapsed: 0.071 s -- in ai.pipestream.quic.v2.CheckpointObservationTest
[INFO] Tests run: 1, Failures: 0, Errors: 0, Skipped: 0, Time elapsed: 0.290 s -- in ai.pipestream.quic.v2.ClientJournalFaultTest
[INFO] Tests run: 3, Failures: 0, Errors: 0, Skipped: 0, Time elapsed: 1.133 s -- in ai.pipestream.quic.v2.ClientRecoveryTest
[INFO] Tests run: 1, Failures: 0, Errors: 0, Skipped: 0, Time elapsed: 0.267 s -- in ai.pipestream.quic.v2.ClosureReconciliationCapacityTest
[INFO] Tests run: 2, Failures: 0, Errors: 0, Skipped: 0, Time elapsed: 1.222 s -- in ai.pipestream.quic.v2.ClosureReconciliationRecoveryTest
[INFO] Tests run: 8, Failures: 0, Errors: 0, Skipped: 0, Time elapsed: 0.239 s -- in ai.pipestream.quic.v2.ClosureReconciliationTest
[INFO] Tests run: 6, Failures: 0, Errors: 0, Skipped: 0, Time elapsed: 0.077 s -- in ai.pipestream.quic.v2.CompletedSessionObservationTest
[INFO] Tests run: 5, Failures: 0, Errors: 0, Skipped: 0, Time elapsed: 0.127 s -- in ai.pipestream.quic.v2.ControlWaitServiceTest
[INFO] Tests run: 12, Failures: 0, Errors: 0, Skipped: 0, Time elapsed: 1.988 s -- in ai.pipestream.quic.v2.DeclarationStoreTest
[INFO] Tests run: 4, Failures: 0, Errors: 0, Skipped: 0, Time elapsed: 10.39 s -- in ai.pipestream.quic.v2.DurableAuthorizationTest
[INFO] Tests run: 4, Failures: 0, Errors: 0, Skipped: 0, Time elapsed: 1.944 s -- in ai.pipestream.quic.v2.DurableBranchTest
[INFO] Tests run: 2, Failures: 0, Errors: 0, Skipped: 0, Time elapsed: 0.074 s -- in ai.pipestream.quic.v2.DurableClientContradictionTest
[INFO] Tests run: 5, Failures: 0, Errors: 0, Skipped: 0, Time elapsed: 18.51 s -- in ai.pipestream.quic.v2.DurableClientControlDeadlineTest
[INFO] Tests run: 6, Failures: 0, Errors: 0, Skipped: 0, Time elapsed: 0.156 s -- in ai.pipestream.quic.v2.DurableClientResultNegativeTest
[INFO] Tests run: 2, Failures: 0, Errors: 0, Skipped: 0, Time elapsed: 0.325 s -- in ai.pipestream.quic.v2.DurableClientTest
[INFO] Tests run: 1, Failures: 0, Errors: 0, Skipped: 0, Time elapsed: 4.011 s -- in ai.pipestream.quic.v2.DurableHostIdleWritesTest
[INFO] Tests run: 4, Failures: 0, Errors: 0, Skipped: 0, Time elapsed: 2.138 s -- in ai.pipestream.quic.v2.DurableLifecycleTest
[INFO] Tests run: 4, Failures: 0, Errors: 0, Skipped: 0, Time elapsed: 1.568 s -- in ai.pipestream.quic.v2.DurableMutationTest
[INFO] Tests run: 5, Failures: 0, Errors: 0, Skipped: 0, Time elapsed: 0.048 s -- in ai.pipestream.quic.v2.DurableRequestsTest
[INFO] Tests run: 4, Failures: 0, Errors: 0, Skipped: 0, Time elapsed: 1.416 s -- in ai.pipestream.quic.v2.DurableServerTest
[INFO] Tests run: 8, Failures: 0, Errors: 0, Skipped: 0, Time elapsed: 38.70 s -- in ai.pipestream.quic.v2.DurableWireNegativeTest
[INFO] Tests run: 4, Failures: 0, Errors: 0, Skipped: 0, Time elapsed: 0.104 s -- in ai.pipestream.quic.v2.ExecutionClosureTest
[INFO] Tests run: 1, Failures: 0, Errors: 0, Skipped: 0, Time elapsed: 0.035 s -- in ai.pipestream.quic.v2.ExecutionDiscoverySuffixTest
[INFO] Tests run: 5, Failures: 0, Errors: 0, Skipped: 0, Time elapsed: 0.131 s -- in ai.pipestream.quic.v2.ExecutionDiscoveryTest
[INFO] Tests run: 3, Failures: 0, Errors: 0, Skipped: 0, Time elapsed: 0.064 s -- in ai.pipestream.quic.v2.ExecutionRuntimeCreditTest
[INFO] Tests run: 1, Failures: 0, Errors: 0, Skipped: 0, Time elapsed: 9.429 s -- in ai.pipestream.quic.v2.ExecutionRuntimeResourceTest
[INFO] Tests run: 10, Failures: 0, Errors: 0, Skipped: 0, Time elapsed: 0.852 s -- in ai.pipestream.quic.v2.ExecutionRuntimeTest
[INFO] Tests run: 1, Failures: 0, Errors: 0, Skipped: 0, Time elapsed: 0.316 s -- in ai.pipestream.quic.v2.ExecutionSchedulerRecoveryTest
[INFO] Tests run: 6, Failures: 0, Errors: 0, Skipped: 0, Time elapsed: 0.328 s -- in ai.pipestream.quic.v2.ExecutionSchedulerTest
[INFO] Tests run: 1, Failures: 0, Errors: 0, Skipped: 0, Time elapsed: 0.056 s -- in ai.pipestream.quic.v2.ExecutionStoreCapacityTest
[INFO] Tests run: 2, Failures: 0, Errors: 0, Skipped: 0, Time elapsed: 0.046 s -- in ai.pipestream.quic.v2.ExecutionStorePolicyTest
[INFO] Tests run: 3, Failures: 0, Errors: 0, Skipped: 0, Time elapsed: 0.560 s -- in ai.pipestream.quic.v2.ExecutionStoreRecoveryTest
[INFO] Tests run: 6, Failures: 0, Errors: 0, Skipped: 0, Time elapsed: 0.172 s -- in ai.pipestream.quic.v2.ExecutionStoreTest
[INFO] Tests run: 4, Failures: 0, Errors: 0, Skipped: 0, Time elapsed: 0.207 s -- in ai.pipestream.quic.v2.ExpansionTransitionTest
[INFO] Tests run: 10, Failures: 0, Errors: 0, Skipped: 0, Time elapsed: 0.233 s -- in ai.pipestream.quic.v2.FenceStoreTest
[INFO] Tests run: 8, Failures: 0, Errors: 0, Skipped: 0, Time elapsed: 0.180 s -- in ai.pipestream.quic.v2.FixedRecordsTest
[INFO] Tests run: 5, Failures: 0, Errors: 0, Skipped: 0, Time elapsed: 50.47 s -- in ai.pipestream.quic.v2.FixtureMainTest
[INFO] Tests run: 5, Failures: 0, Errors: 0, Skipped: 0, Time elapsed: 0.020 s -- in ai.pipestream.quic.v2.InputReceiverCreditTest
[INFO] Tests run: 3, Failures: 0, Errors: 0, Skipped: 0, Time elapsed: 0.012 s -- in ai.pipestream.quic.v2.InputRetirementGateTest
[INFO] Tests run: 1, Failures: 0, Errors: 0, Skipped: 0, Time elapsed: 0.219 s -- in ai.pipestream.quic.v2.InputStoreFundingRecoveryTest
[INFO] Tests run: 4, Failures: 0, Errors: 0, Skipped: 0, Time elapsed: 0.013 s -- in ai.pipestream.quic.v2.InputStoreFundingTest
[INFO] Tests run: 6, Failures: 0, Errors: 0, Skipped: 0, Time elapsed: 0.018 s -- in ai.pipestream.quic.v2.InputStoreReaderPinsTest
[INFO] Tests run: 4, Failures: 0, Errors: 0, Skipped: 0, Time elapsed: 0.010 s -- in ai.pipestream.quic.v2.InputStoreReceiverPinsTest
[INFO] Tests run: 1, Failures: 0, Errors: 0, Skipped: 0, Time elapsed: 0.029 s -- in ai.pipestream.quic.v2.InputStoreRecoverySyncTest
[INFO] Tests run: 3, Failures: 0, Errors: 0, Skipped: 0, Time elapsed: 0.008 s -- in ai.pipestream.quic.v2.InputStoreRecoveryTest
[INFO] Tests run: 1, Failures: 0, Errors: 0, Skipped: 0, Time elapsed: 0.362 s -- in ai.pipestream.quic.v2.InputStoreResourceTest
[INFO] Tests run: 13, Failures: 0, Errors: 0, Skipped: 0, Time elapsed: 0.331 s -- in ai.pipestream.quic.v2.InputStoreTest
[INFO] Tests run: 3, Failures: 0, Errors: 0, Skipped: 0, Time elapsed: 0.050 s -- in ai.pipestream.quic.v2.OrphanScanTest
[INFO] Tests run: 3, Failures: 0, Errors: 0, Skipped: 0, Time elapsed: 0.089 s -- in ai.pipestream.quic.v2.OrphanRetainedReleaseTest
[INFO] Tests run: 6, Failures: 0, Errors: 0, Skipped: 0, Time elapsed: 0.113 s -- in ai.pipestream.quic.v2.OrphanStoreTest
[INFO] Tests run: 1, Failures: 0, Errors: 0, Skipped: 0, Time elapsed: 1.023 s -- in ai.pipestream.quic.v2.OrphanStoreRecoveryTest
[INFO] Tests run: 1, Failures: 0, Errors: 0, Skipped: 0, Time elapsed: 0.062 s -- in ai.pipestream.quic.v2.OutputRetentionDependencyTest
[INFO] Tests run: 3, Failures: 0, Errors: 0, Skipped: 0, Time elapsed: 0.085 s -- in ai.pipestream.quic.v2.OutputRetentionGeometryTest
[INFO] Tests run: 1, Failures: 0, Errors: 0, Skipped: 0, Time elapsed: 1.735 s -- in ai.pipestream.quic.v2.OutputRetentionStoreRecoveryTest
[INFO] Tests run: 9, Failures: 0, Errors: 0, Skipped: 0, Time elapsed: 0.317 s -- in ai.pipestream.quic.v2.OutputRetentionStoreTest
[INFO] Tests run: 1, Failures: 0, Errors: 0, Skipped: 0, Time elapsed: 1.151 s -- in ai.pipestream.quic.v2.OutputStoreReclaimRecoveryTest
[INFO] Tests run: 3, Failures: 0, Errors: 0, Skipped: 0, Time elapsed: 0.022 s -- in ai.pipestream.quic.v2.OutputStoreReclaimTest
[INFO] Tests run: 1, Failures: 0, Errors: 0, Skipped: 0, Time elapsed: 0.270 s -- in ai.pipestream.quic.v2.OutputStoreRecoveryTest
[INFO] Tests run: 1, Failures: 0, Errors: 0, Skipped: 0, Time elapsed: 0.389 s -- in ai.pipestream.quic.v2.OutputStoreResourceTest
[INFO] Tests run: 3, Failures: 0, Errors: 0, Skipped: 0, Time elapsed: 0.015 s -- in ai.pipestream.quic.v2.OutputStoreTest
[INFO] Tests run: 5, Failures: 0, Errors: 0, Skipped: 0, Time elapsed: 0.187 s -- in ai.pipestream.quic.v2.ProducedAdmissionTest
[INFO] Tests run: 4, Failures: 0, Errors: 0, Skipped: 0, Time elapsed: 0.101 s -- in ai.pipestream.quic.v2.ProducedDeclarationTest
[INFO] Tests run: 1, Failures: 0, Errors: 0, Skipped: 0, Time elapsed: 0.039 s -- in ai.pipestream.quic.v2.ProducedInputOrphanRaceTest
[INFO] Tests run: 1, Failures: 0, Errors: 0, Skipped: 0, Time elapsed: 0.564 s -- in ai.pipestream.quic.v2.ProducedRecoveryTest
[INFO] Tests run: 1, Failures: 0, Errors: 0, Skipped: 0, Time elapsed: 0.068 s -- in ai.pipestream.quic.v2.PublicationStoreCapacityTest
[INFO] Tests run: 1, Failures: 0, Errors: 0, Skipped: 0, Time elapsed: 0.539 s -- in ai.pipestream.quic.v2.PublicationStoreRecoveryTest
[INFO] Tests run: 5, Failures: 0, Errors: 0, Skipped: 0, Time elapsed: 0.124 s -- in ai.pipestream.quic.v2.PublicationStoreTest
[INFO] Tests run: 2, Failures: 0, Errors: 0, Skipped: 0, Time elapsed: 0.001 s -- in ai.pipestream.quic.v2.RefusalCodeRegistryTest
[INFO] Tests run: 5, Failures: 0, Errors: 0, Skipped: 0, Time elapsed: 0.231 s -- in ai.pipestream.quic.v2.ResultServiceTest
[INFO] Tests run: 10, Failures: 0, Errors: 0, Skipped: 0, Time elapsed: 0.260 s -- in ai.pipestream.quic.v2.ResultStoreTest
[INFO] Tests run: 8, Failures: 0, Errors: 0, Skipped: 0, Time elapsed: 0.265 s -- in ai.pipestream.quic.v2.RetentionServiceTest
[INFO] Tests run: 1, Failures: 0, Errors: 0, Skipped: 0, Time elapsed: 1.154 s -- in ai.pipestream.quic.v2.RetentionStoreRecoveryTest
[INFO] Tests run: 12, Failures: 0, Errors: 0, Skipped: 0, Time elapsed: 0.408 s -- in ai.pipestream.quic.v2.RetentionStoreTest
[INFO] Tests run: 1, Failures: 0, Errors: 0, Skipped: 0, Time elapsed: 0.093 s -- in ai.pipestream.quic.v2.RetirementChildScopeTest
[INFO] Tests run: 5, Failures: 0, Errors: 0, Skipped: 0, Time elapsed: 0.098 s -- in ai.pipestream.quic.v2.RetirementIntegrityTest
[INFO] Tests run: 5, Failures: 0, Errors: 0, Skipped: 0, Time elapsed: 0.002 s -- in ai.pipestream.quic.v2.RetirementRecordTest
[INFO] Tests run: 3, Failures: 0, Errors: 0, Skipped: 0, Time elapsed: 0.096 s -- in ai.pipestream.quic.v2.RetirementServiceTest
[INFO] Tests run: 5, Failures: 0, Errors: 0, Skipped: 0, Time elapsed: 0.216 s -- in ai.pipestream.quic.v2.RetryStoreFailureTest
[INFO] Tests run: 8, Failures: 0, Errors: 0, Skipped: 0, Time elapsed: 0.255 s -- in ai.pipestream.quic.v2.RetryStoreTest
[INFO] Tests run: 2, Failures: 0, Errors: 0, Skipped: 0, Time elapsed: 0.196 s -- in ai.pipestream.quic.v2.ScopePagingWireTest
[INFO] Tests run: 1, Failures: 0, Errors: 0, Skipped: 0, Time elapsed: 1.601 s -- in ai.pipestream.quic.v2.SessionRetirementCrashTest
[INFO] Tests run: 3, Failures: 0, Errors: 0, Skipped: 0, Time elapsed: 0.089 s -- in ai.pipestream.quic.v2.SessionRetirementTest
[INFO] Tests run: 12, Failures: 0, Errors: 0, Skipped: 0, Time elapsed: 0.541 s -- in ai.pipestream.quic.v2.SessionStoreTest
[INFO] Tests run: 3, Failures: 0, Errors: 0, Skipped: 0, Time elapsed: 0.422 s -- in ai.pipestream.quic.v2.StoreBindingRecoveryTest
[INFO] Tests run: 6, Failures: 0, Errors: 0, Skipped: 0, Time elapsed: 0.071 s -- in ai.pipestream.quic.v2.StoreBindingTest
[INFO] Tests run: 5, Failures: 0, Errors: 0, Skipped: 0, Time elapsed: 0.316 s -- in ai.pipestream.quic.v2.StreamTransportTest
[INFO] Tests run: 1, Failures: 0, Errors: 0, Skipped: 0, Time elapsed: 0.001 s -- in ai.pipestream.quic.v2.TransportDependencyTest
[INFO] Tests run: 6, Failures: 0, Errors: 0, Skipped: 0, Time elapsed: 0.003 s -- in ai.pipestream.quic.v2.V2ObjectStreamTest
[INFO] Tests run: 11, Failures: 0, Errors: 0, Skipped: 0, Time elapsed: 0.006 s -- in ai.pipestream.quic.v2.V2ClientCorrelationTest
[INFO] Tests run: 1, Failures: 0, Errors: 0, Skipped: 0, Time elapsed: 1.618 s -- in ai.pipestream.quic.v2.V2CommitmentResourceTest
[INFO] Tests run: 16, Failures: 0, Errors: 0, Skipped: 0, Time elapsed: 0.373 s -- in ai.pipestream.quic.v2.V2CommitmentsTest
[INFO] Tests run: 13, Failures: 0, Errors: 0, Skipped: 0, Time elapsed: 2.181 s -- in ai.pipestream.quic.v2.V2CoreClientTest
[INFO] Tests run: 13, Failures: 0, Errors: 0, Skipped: 0, Time elapsed: 3.302 s -- in ai.pipestream.quic.v2.V2CoreServerTest
[INFO] Tests run: 1, Failures: 0, Errors: 0, Skipped: 0, Time elapsed: 22.58 s -- in ai.pipestream.quic.v2.V2MainProcessTest
[INFO] Tests run: 4, Failures: 0, Errors: 0, Skipped: 0, Time elapsed: 0.018 s -- in ai.pipestream.quic.v2.V2MainStorageFundingTest
[INFO] Tests run: 1, Failures: 0, Errors: 0, Skipped: 0, Time elapsed: 0.071 s -- in ai.pipestream.quic.v2.V2ObjectResourceTest
[INFO] Tests run: 9, Failures: 0, Errors: 0, Skipped: 0, Time elapsed: 1.339 s -- in ai.pipestream.quic.v2.V2TlsTest
[INFO] Tests run: 77, Failures: 0, Errors: 0, Skipped: 0, Time elapsed: 0.017 s -- in ai.pipestream.quic.v2.V2WireTest
[INFO] Tests run: 6, Failures: 0, Errors: 0, Skipped: 0, Time elapsed: 2.537 s -- in ai.pipestream.quic.SealedCheckpointStoreTest
[INFO] Tests run: 9, Failures: 0, Errors: 0, Skipped: 0, Time elapsed: 10.80 s -- in ai.pipestream.quic.SealedCompletionReservationsTest
[INFO] Tests run: 8, Failures: 0, Errors: 0, Skipped: 0, Time elapsed: 1.760 s -- in ai.pipestream.quic.SealedExecutorTest
[INFO] Tests run: 15, Failures: 0, Errors: 0, Skipped: 0, Time elapsed: 0.558 s -- in ai.pipestream.quic.SealedPayloadStoreTest
[INFO] Tests run: 3, Failures: 0, Errors: 0, Skipped: 0, Time elapsed: 0.001 s -- in ai.pipestream.quic.SealedScopeTest
[INFO] Tests run: 4, Failures: 0, Errors: 0, Skipped: 0, Time elapsed: 0.054 s -- in ai.pipestream.quic.SealedStateImagesTest
[INFO] Tests run: 14, Failures: 0, Errors: 0, Skipped: 0, Time elapsed: 0.418 s -- in ai.pipestream.quic.SealedStoreBindingTest
[INFO] Tests run: 3, Failures: 0, Errors: 0, Skipped: 0, Time elapsed: 0 s -- in ai.pipestream.quic.TlsPeerIdentityTest
[INFO] Tests run: 734, Failures: 0, Errors: 0, Skipped: 0
[INFO] BUILD SUCCESS
RUN_EXIT=0 at 2026-09-11T09:36:57Z
