waiting for BENCHMARK.lock from 2026-09-12T21:34:02Z
lock acquired at 2026-09-12T21:46:57Z tree 73dcc79c tmpdir on the root drive
[INFO] Tests run: 23, Failures: 0, Errors: 0, Skipped: 0, Time elapsed: 115.8 s -- in ai.pipestream.quic.SealedJobsTest
[INFO] Tests run: 4, Failures: 0, Errors: 0, Skipped: 0, Time elapsed: 0.005 s -- in ai.pipestream.quic.SealedProducerInputsTest
[INFO] Tests run: 12, Failures: 0, Errors: 0, Skipped: 0, Time elapsed: 2.925 s -- in ai.pipestream.quic.SealedProducerJournalTest
[INFO] Tests run: 11, Failures: 0, Errors: 0, Skipped: 0, Time elapsed: 5.462 s -- in ai.pipestream.quic.SealedReconciliationTest
[INFO] Tests run: 25, Failures: 0, Errors: 0, Skipped: 0, Time elapsed: 29.22 s -- in ai.pipestream.quic.SealedServerTest
[INFO] Tests run: 16, Failures: 0, Errors: 0, Skipped: 0, Time elapsed: 25.06 s -- in ai.pipestream.quic.SealedSessionStoreTest
[INFO] Tests run: 9, Failures: 0, Errors: 0, Skipped: 0, Time elapsed: 10.04 s -- in ai.pipestream.quic.SealedSqliteFilesTest
[INFO] Tests run: 6, Failures: 0, Errors: 0, Skipped: 0, Time elapsed: 0.826 s -- in ai.pipestream.quic.SealedSqliteImagesTest
[INFO] Tests run: 5, Failures: 0, Errors: 0, Skipped: 0, Time elapsed: 0.004 s -- in ai.pipestream.quic.SealedTransportTest
[INFO] Tests run: 6, Failures: 0, Errors: 0, Skipped: 0, Time elapsed: 0.007 s -- in ai.pipestream.quic.SealedWorkTest
[INFO] Tests run: 5, Failures: 0, Errors: 0, Skipped: 0, Time elapsed: 0.037 s -- in ai.pipestream.quic.WireTest
[INFO] Tests run: 6, Failures: 0, Errors: 0, Skipped: 0, Time elapsed: 2.288 s -- in ai.pipestream.quic.v2.AdmissionCapacityTest
[INFO] Tests run: 5, Failures: 0, Errors: 0, Skipped: 0, Time elapsed: 1.441 s -- in ai.pipestream.quic.v2.AdmissionPolicyTest
[INFO] Tests run: 1, Failures: 0, Errors: 0, Skipped: 0, Time elapsed: 0.992 s -- in ai.pipestream.quic.v2.AdmissionStoreRecoveryTest
[INFO] Tests run: 7, Failures: 0, Errors: 0, Skipped: 0, Time elapsed: 2.056 s -- in ai.pipestream.quic.v2.AdmissionStoreTest
[INFO] Tests run: 6, Failures: 0, Errors: 0, Skipped: 0, Time elapsed: 2.749 s -- in ai.pipestream.quic.v2.AuthorityExpansionRuntimeFailureTest
[INFO] Tests run: 2, Failures: 0, Errors: 0, Skipped: 0, Time elapsed: 1.482 s -- in ai.pipestream.quic.v2.AuthorityExpansionRuntimeTest
[INFO] Tests run: 2, Failures: 0, Errors: 0, Skipped: 0, Time elapsed: 1.803 s -- in ai.pipestream.quic.v2.AuthorityExpansionSchedulingTest
[INFO] Tests run: 4, Failures: 0, Errors: 0, Skipped: 0, Time elapsed: 0.889 s -- in ai.pipestream.quic.v2.AuthorityRuleClientTest
[INFO] Tests run: 1, Failures: 0, Errors: 0, Skipped: 0, Time elapsed: 0.966 s -- in ai.pipestream.quic.v2.AuthorizationClockRecoveryTest
[INFO] Tests run: 4, Failures: 0, Errors: 0, Skipped: 0, Time elapsed: 3.428 s -- in ai.pipestream.quic.v2.BranchExecutionCapacityTest
[INFO] Tests run: 2, Failures: 0, Errors: 0, Skipped: 0, Time elapsed: 1.637 s -- in ai.pipestream.quic.v2.BranchExecutionRecoveryTest
[INFO] Tests run: 5, Failures: 0, Errors: 0, Skipped: 0, Time elapsed: 5.683 s -- in ai.pipestream.quic.v2.BranchExecutionTest
[INFO] Tests run: 1, Failures: 0, Errors: 0, Skipped: 0, Time elapsed: 0.971 s -- in ai.pipestream.quic.v2.BranchSchedulerTest
[INFO] Tests run: 5, Failures: 0, Errors: 0, Skipped: 0, Time elapsed: 2.214 s -- in ai.pipestream.quic.v2.CancellationReconciliationTest
[INFO] Tests run: 2, Failures: 0, Errors: 0, Skipped: 0, Time elapsed: 0.001 s -- in ai.pipestream.quic.v2.CapabilityListBoundsTest
[INFO] Tests run: 4, Failures: 0, Errors: 0, Skipped: 0, Time elapsed: 0.678 s -- in ai.pipestream.quic.v2.CheckpointObservationTest
[INFO] Tests run: 1, Failures: 0, Errors: 0, Skipped: 0, Time elapsed: 1.672 s -- in ai.pipestream.quic.v2.ClientControlTimeoutOptionTest
[INFO] Tests run: 1, Failures: 0, Errors: 0, Skipped: 0, Time elapsed: 0.716 s -- in ai.pipestream.quic.v2.ClientJournalFaultTest
[INFO] Tests run: 3, Failures: 0, Errors: 0, Skipped: 0, Time elapsed: 2.054 s -- in ai.pipestream.quic.v2.ClientRecoveryTest
[INFO] Tests run: 1, Failures: 0, Errors: 0, Skipped: 0, Time elapsed: 2.156 s -- in ai.pipestream.quic.v2.ClosureReconciliationCapacityTest
[INFO] Tests run: 2, Failures: 0, Errors: 0, Skipped: 0, Time elapsed: 2.605 s -- in ai.pipestream.quic.v2.ClosureReconciliationRecoveryTest
[INFO] Tests run: 8, Failures: 0, Errors: 0, Skipped: 0, Time elapsed: 2.873 s -- in ai.pipestream.quic.v2.ClosureReconciliationTest
[INFO] Tests run: 6, Failures: 0, Errors: 0, Skipped: 0, Time elapsed: 0.904 s -- in ai.pipestream.quic.v2.CompletedSessionObservationTest
[INFO] Tests run: 5, Failures: 0, Errors: 0, Skipped: 0, Time elapsed: 1.436 s -- in ai.pipestream.quic.v2.ControlWaitServiceTest
[INFO] Tests run: 1, Failures: 0, Errors: 0, Skipped: 0, Time elapsed: 0.277 s -- in ai.pipestream.quic.v2.CredentialExpiryReconnectTest
[INFO] Tests run: 12, Failures: 0, Errors: 0, Skipped: 0, Time elapsed: 3.414 s -- in ai.pipestream.quic.v2.DeclarationStoreTest
[INFO] Tests run: 4, Failures: 0, Errors: 0, Skipped: 0, Time elapsed: 11.13 s -- in ai.pipestream.quic.v2.DurableAuthorizationTest
[INFO] Tests run: 5, Failures: 0, Errors: 0, Skipped: 0, Time elapsed: 9.701 s -- in ai.pipestream.quic.v2.DurableBranchTest
[INFO] Tests run: 3, Failures: 0, Errors: 0, Skipped: 0, Time elapsed: 0.357 s -- in ai.pipestream.quic.v2.DurableClientContradictionTest
[INFO] Tests run: 5, Failures: 0, Errors: 0, Skipped: 0, Time elapsed: 18.61 s -- in ai.pipestream.quic.v2.DurableClientControlDeadlineTest
[INFO] Tests run: 1, Failures: 0, Errors: 0, Skipped: 0, Time elapsed: 2.124 s -- in ai.pipestream.quic.v2.DurableClientLocatorTest
[INFO] Tests run: 6, Failures: 0, Errors: 0, Skipped: 0, Time elapsed: 0.643 s -- in ai.pipestream.quic.v2.DurableClientResultNegativeTest
[INFO] Tests run: 2, Failures: 0, Errors: 0, Skipped: 0, Time elapsed: 0.952 s -- in ai.pipestream.quic.v2.DurableClientTest
[INFO] Tests run: 1, Failures: 0, Errors: 0, Skipped: 0, Time elapsed: 4.123 s -- in ai.pipestream.quic.v2.DurableHostIdleWritesTest
[INFO] Tests run: 4, Failures: 0, Errors: 0, Skipped: 0, Time elapsed: 3.216 s -- in ai.pipestream.quic.v2.DurableLifecycleTest
[INFO] Tests run: 4, Failures: 0, Errors: 0, Skipped: 0, Time elapsed: 3.370 s -- in ai.pipestream.quic.v2.DurableMutationTest
[INFO] Tests run: 6, Failures: 0, Errors: 0, Skipped: 0, Time elapsed: 0.687 s -- in ai.pipestream.quic.v2.DurableRequestsTest
[INFO] Tests run: 4, Failures: 0, Errors: 0, Skipped: 0, Time elapsed: 2.036 s -- in ai.pipestream.quic.v2.DurableServerTest
[INFO] Tests run: 8, Failures: 0, Errors: 0, Skipped: 0, Time elapsed: 40.63 s -- in ai.pipestream.quic.v2.DurableWireNegativeTest
[INFO] Tests run: 4, Failures: 0, Errors: 0, Skipped: 0, Time elapsed: 1.305 s -- in ai.pipestream.quic.v2.ExecutionClosureTest
[INFO] Tests run: 1, Failures: 0, Errors: 0, Skipped: 0, Time elapsed: 0.462 s -- in ai.pipestream.quic.v2.ExecutionDiscoverySuffixTest
[INFO] Tests run: 5, Failures: 0, Errors: 0, Skipped: 0, Time elapsed: 1.722 s -- in ai.pipestream.quic.v2.ExecutionDiscoveryTest
[INFO] Tests run: 3, Failures: 0, Errors: 0, Skipped: 0, Time elapsed: 0.832 s -- in ai.pipestream.quic.v2.ExecutionRuntimeCreditTest
[INFO] Tests run: 1, Failures: 0, Errors: 0, Skipped: 0, Time elapsed: 7.701 s -- in ai.pipestream.quic.v2.ExecutionRuntimeResourceTest
[INFO] Tests run: 10, Failures: 0, Errors: 0, Skipped: 0, Time elapsed: 5.639 s -- in ai.pipestream.quic.v2.ExecutionRuntimeTest
[INFO] Tests run: 1, Failures: 0, Errors: 0, Skipped: 0, Time elapsed: 0.698 s -- in ai.pipestream.quic.v2.ExecutionSchedulerRecoveryTest
[INFO] Tests run: 6, Failures: 0, Errors: 0, Skipped: 0, Time elapsed: 2.957 s -- in ai.pipestream.quic.v2.ExecutionSchedulerTest
[INFO] Tests run: 1, Failures: 0, Errors: 0, Skipped: 0, Time elapsed: 0.505 s -- in ai.pipestream.quic.v2.ExecutionStoreCapacityTest
[INFO] Tests run: 2, Failures: 0, Errors: 0, Skipped: 0, Time elapsed: 0.527 s -- in ai.pipestream.quic.v2.ExecutionStorePolicyTest
[INFO] Tests run: 4, Failures: 0, Errors: 0, Skipped: 0, Time elapsed: 2.431 s -- in ai.pipestream.quic.v2.ExecutionStoreRecoveryTest
[INFO] Tests run: 7, Failures: 0, Errors: 0, Skipped: 0, Time elapsed: 2.655 s -- in ai.pipestream.quic.v2.ExecutionStoreTest
[INFO] Tests run: 5, Failures: 0, Errors: 0, Skipped: 0, Time elapsed: 3.034 s -- in ai.pipestream.quic.v2.ExpansionTransitionTest
[INFO] Tests run: 14, Failures: 0, Errors: 0, Skipped: 0, Time elapsed: 4.360 s -- in ai.pipestream.quic.v2.FenceStoreTest
[INFO] Tests run: 8, Failures: 0, Errors: 0, Skipped: 0, Time elapsed: 2.716 s -- in ai.pipestream.quic.v2.FixedRecordsTest
[INFO] Tests run: 5, Failures: 0, Errors: 0, Skipped: 0, Time elapsed: 50.60 s -- in ai.pipestream.quic.v2.FixtureMainTest
[INFO] Tests run: 2, Failures: 0, Errors: 0, Skipped: 0, Time elapsed: 7.140 s -- in ai.pipestream.quic.v2.FundingScaleTest
[INFO] Tests run: 6, Failures: 0, Errors: 0, Skipped: 0, Time elapsed: 3.567 s -- in ai.pipestream.quic.v2.HookPlacementTest
[INFO] Tests run: 1, Failures: 0, Errors: 0, Skipped: 0, Time elapsed: 2.348 s -- in ai.pipestream.quic.v2.InputInstallReclaimRaceTest
[INFO] Tests run: 13, Failures: 0, Errors: 0, Skipped: 0, Time elapsed: 1.062 s -- in ai.pipestream.quic.v2.InputStoreTest
[INFO] Tests run: 5, Failures: 0, Errors: 0, Skipped: 0, Time elapsed: 0.265 s -- in ai.pipestream.quic.v2.InputReceiverCreditTest
[INFO] Tests run: 3, Failures: 0, Errors: 0, Skipped: 0, Time elapsed: 0.128 s -- in ai.pipestream.quic.v2.InputRetirementGateTest
[INFO] Tests run: 1, Failures: 0, Errors: 0, Skipped: 0, Time elapsed: 0.388 s -- in ai.pipestream.quic.v2.InputStoreFundingRecoveryTest
[INFO] Tests run: 4, Failures: 0, Errors: 0, Skipped: 0, Time elapsed: 0.201 s -- in ai.pipestream.quic.v2.InputStoreFundingTest
[INFO] Tests run: 2, Failures: 0, Errors: 0, Skipped: 0, Time elapsed: 0.409 s -- in ai.pipestream.quic.v2.InputStorePinnedInstallTest
[INFO] Tests run: 6, Failures: 0, Errors: 0, Skipped: 0, Time elapsed: 0.294 s -- in ai.pipestream.quic.v2.InputStoreReaderPinsTest
[INFO] Tests run: 4, Failures: 0, Errors: 0, Skipped: 0, Time elapsed: 0.170 s -- in ai.pipestream.quic.v2.InputStoreReceiverPinsTest
[INFO] Tests run: 1, Failures: 0, Errors: 0, Skipped: 0, Time elapsed: 0.468 s -- in ai.pipestream.quic.v2.InputStoreRecoverySyncTest
[INFO] Tests run: 3, Failures: 0, Errors: 0, Skipped: 0, Time elapsed: 0.124 s -- in ai.pipestream.quic.v2.InputStoreRecoveryTest
[INFO] Tests run: 1, Failures: 0, Errors: 0, Skipped: 0, Time elapsed: 0.402 s -- in ai.pipestream.quic.v2.InputStoreResourceTest
[INFO] Tests run: 1, Failures: 0, Errors: 0, Skipped: 0, Time elapsed: 14.07 s -- in ai.pipestream.quic.v2.LossyTransportCreditTest
[INFO] Tests run: 1, Failures: 0, Errors: 0, Skipped: 0, Time elapsed: 0.510 s -- in ai.pipestream.quic.v2.MigrationWireTest
[INFO] Tests run: 3, Failures: 0, Errors: 0, Skipped: 0, Time elapsed: 1.379 s -- in ai.pipestream.quic.v2.OrphanRetainedReleaseTest
[INFO] Tests run: 3, Failures: 0, Errors: 0, Skipped: 0, Time elapsed: 0.766 s -- in ai.pipestream.quic.v2.OrphanScanTest
[INFO] Tests run: 6, Failures: 0, Errors: 0, Skipped: 0, Time elapsed: 1.700 s -- in ai.pipestream.quic.v2.OrphanStoreTest
[INFO] Tests run: 1, Failures: 0, Errors: 0, Skipped: 0, Time elapsed: 2.293 s -- in ai.pipestream.quic.v2.OrphanStoreRecoveryTest
[INFO] Tests run: 2, Failures: 0, Errors: 0, Skipped: 0, Time elapsed: 0.978 s -- in ai.pipestream.quic.v2.OutputRetentionDependencyTest
[INFO] Tests run: 3, Failures: 0, Errors: 0, Skipped: 0, Time elapsed: 1.220 s -- in ai.pipestream.quic.v2.OutputRetentionGeometryTest
[INFO] Tests run: 1, Failures: 0, Errors: 0, Skipped: 0, Time elapsed: 4.003 s -- in ai.pipestream.quic.v2.OutputRetentionStoreRecoveryTest
[INFO] Tests run: 9, Failures: 0, Errors: 0, Skipped: 0, Time elapsed: 4.465 s -- in ai.pipestream.quic.v2.OutputRetentionStoreTest
[INFO] Tests run: 1, Failures: 0, Errors: 0, Skipped: 0, Time elapsed: 2.728 s -- in ai.pipestream.quic.v2.OutputStoreReclaimRecoveryTest
[INFO] Tests run: 3, Failures: 0, Errors: 0, Skipped: 0, Time elapsed: 0.374 s -- in ai.pipestream.quic.v2.OutputStoreReclaimTest
[INFO] Tests run: 1, Failures: 0, Errors: 0, Skipped: 0, Time elapsed: 0.493 s -- in ai.pipestream.quic.v2.OutputStoreRecoveryTest
[INFO] Tests run: 1, Failures: 0, Errors: 0, Skipped: 0, Time elapsed: 0.453 s -- in ai.pipestream.quic.v2.OutputStoreResourceTest
[INFO] Tests run: 3, Failures: 0, Errors: 0, Skipped: 0, Time elapsed: 0.247 s -- in ai.pipestream.quic.v2.OutputStoreTest
[INFO] Tests run: 8, Failures: 0, Errors: 0, Skipped: 0, Time elapsed: 17.93 s -- in ai.pipestream.quic.v2.PeerRuleWireTest
[INFO] Tests run: 6, Failures: 0, Errors: 0, Skipped: 0, Time elapsed: 2.902 s -- in ai.pipestream.quic.v2.ProducedAdmissionTest
[INFO] Tests run: 5, Failures: 0, Errors: 0, Skipped: 0, Time elapsed: 1.634 s -- in ai.pipestream.quic.v2.ProducedDeclarationTest
[INFO] Tests run: 1, Failures: 0, Errors: 0, Skipped: 0, Time elapsed: 0.476 s -- in ai.pipestream.quic.v2.ProducedInputOrphanRaceTest
[INFO] Tests run: 1, Failures: 0, Errors: 0, Skipped: 0, Time elapsed: 1.289 s -- in ai.pipestream.quic.v2.ProducedRecoveryTest
[INFO] Tests run: 1, Failures: 0, Errors: 0, Skipped: 0, Time elapsed: 0.739 s -- in ai.pipestream.quic.v2.PublicationStoreCapacityTest
[INFO] Tests run: 1, Failures: 0, Errors: 0, Skipped: 0, Time elapsed: 1.049 s -- in ai.pipestream.quic.v2.PublicationStoreRecoveryTest
[INFO] Tests run: 5, Failures: 0, Errors: 0, Skipped: 0, Time elapsed: 1.764 s -- in ai.pipestream.quic.v2.PublicationStoreTest
[INFO] Tests run: 2, Failures: 0, Errors: 0, Skipped: 0, Time elapsed: 0.001 s -- in ai.pipestream.quic.v2.RefusalCodeRegistryTest
[INFO] Tests run: 1, Failures: 0, Errors: 0, Skipped: 0, Time elapsed: 2.371 s -- in ai.pipestream.quic.v2.ResultAbortWireTest
[INFO] Tests run: 2, Failures: 0, Errors: 0, Skipped: 0, Time elapsed: 0.712 s -- in ai.pipestream.quic.v2.ResultDeliveryWireGapTest
[INFO] Tests run: 5, Failures: 0, Errors: 0, Skipped: 0, Time elapsed: 2.964 s -- in ai.pipestream.quic.v2.ResultServiceTest
[INFO] Tests run: 12, Failures: 0, Errors: 0, Skipped: 0, Time elapsed: 4.823 s -- in ai.pipestream.quic.v2.ResultStoreTest
[INFO] Tests run: 8, Failures: 0, Errors: 0, Skipped: 0, Time elapsed: 3.725 s -- in ai.pipestream.quic.v2.RetentionServiceTest
[INFO] Tests run: 1, Failures: 0, Errors: 0, Skipped: 0, Time elapsed: 2.581 s -- in ai.pipestream.quic.v2.RetentionStoreRecoveryTest
[INFO] Tests run: 12, Failures: 0, Errors: 0, Skipped: 0, Time elapsed: 7.296 s -- in ai.pipestream.quic.v2.RetentionStoreTest
[INFO] Tests run: 1, Failures: 0, Errors: 0, Skipped: 0, Time elapsed: 1.749 s -- in ai.pipestream.quic.v2.RetirementChildScopeTest
[INFO] Tests run: 5, Failures: 0, Errors: 0, Skipped: 0, Time elapsed: 1.856 s -- in ai.pipestream.quic.v2.RetirementIntegrityTest
[INFO] Tests run: 5, Failures: 0, Errors: 0, Skipped: 0, Time elapsed: 0.002 s -- in ai.pipestream.quic.v2.RetirementRecordTest
[INFO] Tests run: 3, Failures: 0, Errors: 0, Skipped: 0, Time elapsed: 1.209 s -- in ai.pipestream.quic.v2.RetirementServiceTest
[INFO] Tests run: 5, Failures: 0, Errors: 0, Skipped: 0, Time elapsed: 3.449 s -- in ai.pipestream.quic.v2.RetryStoreFailureTest
[INFO] Tests run: 9, Failures: 0, Errors: 0, Skipped: 0, Time elapsed: 3.903 s -- in ai.pipestream.quic.v2.RetryStoreTest
[INFO] Tests run: 5, Failures: 0, Errors: 0, Skipped: 0, Time elapsed: 0.004 s -- in ai.pipestream.quic.v2.SchemaBoundsAndRegistryTest
[INFO] Tests run: 2, Failures: 0, Errors: 0, Skipped: 0, Time elapsed: 0.468 s -- in ai.pipestream.quic.v2.ScopePagingWireTest
[INFO] Tests run: 1, Failures: 0, Errors: 0, Skipped: 0, Time elapsed: 23.28 s -- in ai.pipestream.quic.v2.SessionLogGrowthTest
[INFO] Tests run: 1, Failures: 0, Errors: 0, Skipped: 0, Time elapsed: 4.837 s -- in ai.pipestream.quic.v2.SessionRetirementCrashTest
[INFO] Tests run: 6, Failures: 0, Errors: 0, Skipped: 0, Time elapsed: 2.697 s -- in ai.pipestream.quic.v2.SessionRetirementTest
[INFO] Tests run: 13, Failures: 0, Errors: 0, Skipped: 0, Time elapsed: 2.122 s -- in ai.pipestream.quic.v2.SessionStoreTest
[INFO] Tests run: 3, Failures: 0, Errors: 0, Skipped: 0, Time elapsed: 0.931 s -- in ai.pipestream.quic.v2.StoreBindingRecoveryTest
[INFO] Tests run: 6, Failures: 0, Errors: 0, Skipped: 0, Time elapsed: 0.989 s -- in ai.pipestream.quic.v2.StoreBindingTest
[INFO] Tests run: 5, Failures: 0, Errors: 0, Skipped: 0, Time elapsed: 0.314 s -- in ai.pipestream.quic.v2.StreamTransportTest
[INFO] Tests run: 1, Failures: 0, Errors: 0, Skipped: 0, Time elapsed: 0.001 s -- in ai.pipestream.quic.v2.TransportDependencyTest
[INFO] Tests run: 6, Failures: 0, Errors: 0, Skipped: 0, Time elapsed: 0.003 s -- in ai.pipestream.quic.v2.V2ObjectStreamTest
[INFO] Tests run: 11, Failures: 0, Errors: 0, Skipped: 0, Time elapsed: 0.005 s -- in ai.pipestream.quic.v2.V2ClientCorrelationTest
[INFO] Tests run: 1, Failures: 0, Errors: 0, Skipped: 0, Time elapsed: 1.640 s -- in ai.pipestream.quic.v2.V2CommitmentResourceTest
[INFO] Tests run: 16, Failures: 0, Errors: 0, Skipped: 0, Time elapsed: 0.379 s -- in ai.pipestream.quic.v2.V2CommitmentsTest
[INFO] Tests run: 13, Failures: 0, Errors: 0, Skipped: 0, Time elapsed: 2.177 s -- in ai.pipestream.quic.v2.V2CoreClientTest
[INFO] Tests run: 13, Failures: 0, Errors: 0, Skipped: 0, Time elapsed: 3.112 s -- in ai.pipestream.quic.v2.V2CoreServerTest
[INFO] Tests run: 1, Failures: 0, Errors: 0, Skipped: 0, Time elapsed: 23.36 s -- in ai.pipestream.quic.v2.V2MainProcessTest
[INFO] Tests run: 4, Failures: 0, Errors: 0, Skipped: 0, Time elapsed: 0.146 s -- in ai.pipestream.quic.v2.V2MainStorageFundingTest
[INFO] Tests run: 1, Failures: 0, Errors: 0, Skipped: 0, Time elapsed: 0.075 s -- in ai.pipestream.quic.v2.V2ObjectResourceTest
[INFO] Tests run: 9, Failures: 0, Errors: 0, Skipped: 0, Time elapsed: 2.329 s -- in ai.pipestream.quic.v2.V2TlsTest
[INFO] Tests run: 77, Failures: 0, Errors: 0, Skipped: 0, Time elapsed: 0.017 s -- in ai.pipestream.quic.v2.V2WireTest
[INFO] Tests run: 6, Failures: 0, Errors: 0, Skipped: 0, Time elapsed: 23.42 s -- in ai.pipestream.quic.SealedCheckpointStoreTest
[INFO] Tests run: 9, Failures: 0, Errors: 0, Skipped: 0, Time elapsed: 40.63 s -- in ai.pipestream.quic.SealedCompletionReservationsTest
[INFO] Tests run: 8, Failures: 0, Errors: 0, Skipped: 0, Time elapsed: 5.239 s -- in ai.pipestream.quic.SealedExecutorTest
[INFO] Tests run: 15, Failures: 0, Errors: 0, Skipped: 0, Time elapsed: 1.841 s -- in ai.pipestream.quic.SealedPayloadStoreTest
[INFO] Tests run: 3, Failures: 0, Errors: 0, Skipped: 0, Time elapsed: 0.002 s -- in ai.pipestream.quic.SealedScopeTest
[INFO] Tests run: 4, Failures: 0, Errors: 0, Skipped: 0, Time elapsed: 0.760 s -- in ai.pipestream.quic.SealedStateImagesTest
[INFO] Tests run: 14, Failures: 0, Errors: 0, Skipped: 0, Time elapsed: 2.143 s -- in ai.pipestream.quic.SealedStoreBindingTest
[INFO] Tests run: 3, Failures: 0, Errors: 0, Skipped: 0, Time elapsed: 0 s -- in ai.pipestream.quic.TlsPeerIdentityTest
[INFO] Tests run: 796, Failures: 0, Errors: 0, Skipped: 0
[INFO] BUILD SUCCESS
RUN_EXIT=0 at 2026-09-12T21:58:25Z
QUEUED_RUN_DONE
