waiting for BENCHMARK.lock from 2026-09-12T20:14:08Z
lock acquired at 2026-09-12T20:14:08Z tree d95d8334 tmpdir on the root drive
[INFO] Tests run: 23, Failures: 0, Errors: 0, Skipped: 0, Time elapsed: 118.0 s -- in ai.pipestream.quic.SealedJobsTest
[INFO] Tests run: 4, Failures: 0, Errors: 0, Skipped: 0, Time elapsed: 0.004 s -- in ai.pipestream.quic.SealedProducerInputsTest
[INFO] Tests run: 12, Failures: 0, Errors: 0, Skipped: 0, Time elapsed: 2.872 s -- in ai.pipestream.quic.SealedProducerJournalTest
[INFO] Tests run: 11, Failures: 0, Errors: 0, Skipped: 0, Time elapsed: 5.471 s -- in ai.pipestream.quic.SealedReconciliationTest
[INFO] Tests run: 25, Failures: 0, Errors: 0, Skipped: 0, Time elapsed: 30.10 s -- in ai.pipestream.quic.SealedServerTest
[INFO] Tests run: 16, Failures: 0, Errors: 0, Skipped: 0, Time elapsed: 25.55 s -- in ai.pipestream.quic.SealedSessionStoreTest
[INFO] Tests run: 9, Failures: 0, Errors: 0, Skipped: 0, Time elapsed: 7.554 s -- in ai.pipestream.quic.SealedSqliteFilesTest
[INFO] Tests run: 6, Failures: 0, Errors: 0, Skipped: 0, Time elapsed: 0.825 s -- in ai.pipestream.quic.SealedSqliteImagesTest
[INFO] Tests run: 5, Failures: 0, Errors: 0, Skipped: 0, Time elapsed: 0.004 s -- in ai.pipestream.quic.SealedTransportTest
[INFO] Tests run: 6, Failures: 0, Errors: 0, Skipped: 0, Time elapsed: 0.005 s -- in ai.pipestream.quic.SealedWorkTest
[INFO] Tests run: 5, Failures: 0, Errors: 0, Skipped: 0, Time elapsed: 0.031 s -- in ai.pipestream.quic.WireTest
[INFO] Tests run: 6, Failures: 0, Errors: 0, Skipped: 0, Time elapsed: 2.266 s -- in ai.pipestream.quic.v2.AdmissionCapacityTest
[INFO] Tests run: 5, Failures: 0, Errors: 0, Skipped: 0, Time elapsed: 1.420 s -- in ai.pipestream.quic.v2.AdmissionPolicyTest
[INFO] Tests run: 1, Failures: 0, Errors: 0, Skipped: 0, Time elapsed: 0.971 s -- in ai.pipestream.quic.v2.AdmissionStoreRecoveryTest
[INFO] Tests run: 7, Failures: 0, Errors: 0, Skipped: 0, Time elapsed: 2.240 s -- in ai.pipestream.quic.v2.AdmissionStoreTest
[INFO] Tests run: 6, Failures: 0, Errors: 0, Skipped: 0, Time elapsed: 2.788 s -- in ai.pipestream.quic.v2.AuthorityExpansionRuntimeFailureTest
[INFO] Tests run: 2, Failures: 0, Errors: 0, Skipped: 0, Time elapsed: 1.525 s -- in ai.pipestream.quic.v2.AuthorityExpansionRuntimeTest
[INFO] Tests run: 2, Failures: 0, Errors: 0, Skipped: 0, Time elapsed: 1.799 s -- in ai.pipestream.quic.v2.AuthorityExpansionSchedulingTest
[INFO] Tests run: 4, Failures: 0, Errors: 0, Skipped: 0, Time elapsed: 0.888 s -- in ai.pipestream.quic.v2.AuthorityRuleClientTest
[INFO] Tests run: 1, Failures: 0, Errors: 0, Skipped: 0, Time elapsed: 0.965 s -- in ai.pipestream.quic.v2.AuthorizationClockRecoveryTest
[INFO] Tests run: 4, Failures: 0, Errors: 0, Skipped: 0, Time elapsed: 3.324 s -- in ai.pipestream.quic.v2.BranchExecutionCapacityTest
[INFO] Tests run: 2, Failures: 0, Errors: 0, Skipped: 0, Time elapsed: 1.601 s -- in ai.pipestream.quic.v2.BranchExecutionRecoveryTest
[INFO] Tests run: 5, Failures: 0, Errors: 0, Skipped: 0, Time elapsed: 5.689 s -- in ai.pipestream.quic.v2.BranchExecutionTest
[INFO] Tests run: 1, Failures: 0, Errors: 0, Skipped: 0, Time elapsed: 0.959 s -- in ai.pipestream.quic.v2.BranchSchedulerTest
[INFO] Tests run: 5, Failures: 0, Errors: 0, Skipped: 0, Time elapsed: 2.620 s -- in ai.pipestream.quic.v2.CancellationReconciliationTest
[INFO] Tests run: 2, Failures: 0, Errors: 0, Skipped: 0, Time elapsed: 0.001 s -- in ai.pipestream.quic.v2.CapabilityListBoundsTest
[INFO] Tests run: 4, Failures: 0, Errors: 0, Skipped: 0, Time elapsed: 0.772 s -- in ai.pipestream.quic.v2.CheckpointObservationTest
[INFO] Tests run: 1, Failures: 0, Errors: 0, Skipped: 0, Time elapsed: 0.937 s -- in ai.pipestream.quic.v2.ClientJournalFaultTest
[INFO] Tests run: 3, Failures: 0, Errors: 0, Skipped: 0, Time elapsed: 2.531 s -- in ai.pipestream.quic.v2.ClientRecoveryTest
[INFO] Tests run: 1, Failures: 0, Errors: 0, Skipped: 0, Time elapsed: 2.882 s -- in ai.pipestream.quic.v2.ClosureReconciliationCapacityTest
[INFO] Tests run: 2, Failures: 0, Errors: 0, Skipped: 0, Time elapsed: 3.303 s -- in ai.pipestream.quic.v2.ClosureReconciliationRecoveryTest
[INFO] Tests run: 8, Failures: 0, Errors: 0, Skipped: 0, Time elapsed: 2.867 s -- in ai.pipestream.quic.v2.ClosureReconciliationTest
[INFO] Tests run: 6, Failures: 0, Errors: 0, Skipped: 0, Time elapsed: 0.911 s -- in ai.pipestream.quic.v2.CompletedSessionObservationTest
[INFO] Tests run: 5, Failures: 0, Errors: 0, Skipped: 0, Time elapsed: 1.466 s -- in ai.pipestream.quic.v2.ControlWaitServiceTest
[INFO] Tests run: 1, Failures: 0, Errors: 0, Skipped: 0, Time elapsed: 0.277 s -- in ai.pipestream.quic.v2.CredentialExpiryReconnectTest
[INFO] Tests run: 12, Failures: 0, Errors: 0, Skipped: 0, Time elapsed: 3.394 s -- in ai.pipestream.quic.v2.DeclarationStoreTest
[INFO] Tests run: 4, Failures: 0, Errors: 0, Skipped: 0, Time elapsed: 11.14 s -- in ai.pipestream.quic.v2.DurableAuthorizationTest
[INFO] Tests run: 5, Failures: 0, Errors: 0, Skipped: 0, Time elapsed: 9.688 s -- in ai.pipestream.quic.v2.DurableBranchTest
[INFO] Tests run: 3, Failures: 0, Errors: 0, Skipped: 0, Time elapsed: 0.366 s -- in ai.pipestream.quic.v2.DurableClientContradictionTest
[INFO] Tests run: 5, Failures: 0, Errors: 0, Skipped: 0, Time elapsed: 18.60 s -- in ai.pipestream.quic.v2.DurableClientControlDeadlineTest
[INFO] Tests run: 1, Failures: 0, Errors: 0, Skipped: 0, Time elapsed: 2.129 s -- in ai.pipestream.quic.v2.DurableClientLocatorTest
[INFO] Tests run: 6, Failures: 0, Errors: 0, Skipped: 0, Time elapsed: 0.652 s -- in ai.pipestream.quic.v2.DurableClientResultNegativeTest
[INFO] Tests run: 2, Failures: 0, Errors: 0, Skipped: 0, Time elapsed: 0.938 s -- in ai.pipestream.quic.v2.DurableClientTest
[INFO] Tests run: 1, Failures: 0, Errors: 0, Skipped: 0, Time elapsed: 4.113 s -- in ai.pipestream.quic.v2.DurableHostIdleWritesTest
[INFO] Tests run: 4, Failures: 0, Errors: 0, Skipped: 0, Time elapsed: 3.184 s -- in ai.pipestream.quic.v2.DurableLifecycleTest
[INFO] Tests run: 4, Failures: 0, Errors: 0, Skipped: 0, Time elapsed: 3.356 s -- in ai.pipestream.quic.v2.DurableMutationTest
[INFO] Tests run: 6, Failures: 0, Errors: 0, Skipped: 0, Time elapsed: 0.674 s -- in ai.pipestream.quic.v2.DurableRequestsTest
[INFO] Tests run: 4, Failures: 0, Errors: 0, Skipped: 0, Time elapsed: 2.052 s -- in ai.pipestream.quic.v2.DurableServerTest
[INFO] Tests run: 8, Failures: 0, Errors: 0, Skipped: 0, Time elapsed: 40.54 s -- in ai.pipestream.quic.v2.DurableWireNegativeTest
[INFO] Tests run: 4, Failures: 0, Errors: 0, Skipped: 0, Time elapsed: 1.314 s -- in ai.pipestream.quic.v2.ExecutionClosureTest
[INFO] Tests run: 1, Failures: 0, Errors: 0, Skipped: 0, Time elapsed: 0.467 s -- in ai.pipestream.quic.v2.ExecutionDiscoverySuffixTest
[INFO] Tests run: 5, Failures: 0, Errors: 0, Skipped: 0, Time elapsed: 1.792 s -- in ai.pipestream.quic.v2.ExecutionDiscoveryTest
[INFO] Tests run: 3, Failures: 0, Errors: 0, Skipped: 0, Time elapsed: 0.849 s -- in ai.pipestream.quic.v2.ExecutionRuntimeCreditTest
[INFO] Tests run: 1, Failures: 0, Errors: 0, Skipped: 0, Time elapsed: 8.660 s -- in ai.pipestream.quic.v2.ExecutionRuntimeResourceTest
[INFO] Tests run: 10, Failures: 0, Errors: 0, Skipped: 0, Time elapsed: 7.212 s -- in ai.pipestream.quic.v2.ExecutionRuntimeTest
[INFO] Tests run: 1, Failures: 0, Errors: 0, Skipped: 0, Time elapsed: 1.077 s -- in ai.pipestream.quic.v2.ExecutionSchedulerRecoveryTest
[INFO] Tests run: 6, Failures: 0, Errors: 0, Skipped: 0, Time elapsed: 3.920 s -- in ai.pipestream.quic.v2.ExecutionSchedulerTest
[INFO] Tests run: 1, Failures: 0, Errors: 0, Skipped: 0, Time elapsed: 0.852 s -- in ai.pipestream.quic.v2.ExecutionStoreCapacityTest
[INFO] Tests run: 2, Failures: 0, Errors: 0, Skipped: 0, Time elapsed: 0.796 s -- in ai.pipestream.quic.v2.ExecutionStorePolicyTest
[INFO] Tests run: 4, Failures: 0, Errors: 0, Skipped: 0, Time elapsed: 3.401 s -- in ai.pipestream.quic.v2.ExecutionStoreRecoveryTest
[INFO] Tests run: 7, Failures: 0, Errors: 0, Skipped: 0, Time elapsed: 3.823 s -- in ai.pipestream.quic.v2.ExecutionStoreTest
[INFO] Tests run: 5, Failures: 0, Errors: 0, Skipped: 0, Time elapsed: 4.195 s -- in ai.pipestream.quic.v2.ExpansionTransitionTest
[INFO] Tests run: 14, Failures: 0, Errors: 0, Skipped: 0, Time elapsed: 5.713 s -- in ai.pipestream.quic.v2.FenceStoreTest
[INFO] Tests run: 8, Failures: 0, Errors: 0, Skipped: 0, Time elapsed: 3.030 s -- in ai.pipestream.quic.v2.FixedRecordsTest
[INFO] Tests run: 5, Failures: 0, Errors: 0, Skipped: 0, Time elapsed: 51.24 s -- in ai.pipestream.quic.v2.FixtureMainTest
[INFO] Tests run: 5, Failures: 0, Errors: 0, Skipped: 0, Time elapsed: 3.275 s -- in ai.pipestream.quic.v2.HookPlacementTest
[INFO] Tests run: 1, Failures: 0, Errors: 0, Skipped: 0, Time elapsed: 2.311 s -- in ai.pipestream.quic.v2.InputInstallReclaimRaceTest
[INFO] Tests run: 5, Failures: 0, Errors: 0, Skipped: 0, Time elapsed: 0.258 s -- in ai.pipestream.quic.v2.InputReceiverCreditTest
[INFO] Tests run: 3, Failures: 0, Errors: 0, Skipped: 0, Time elapsed: 0.124 s -- in ai.pipestream.quic.v2.InputRetirementGateTest
[INFO] Tests run: 1, Failures: 0, Errors: 0, Skipped: 0, Time elapsed: 0.380 s -- in ai.pipestream.quic.v2.InputStoreFundingRecoveryTest
[INFO] Tests run: 4, Failures: 0, Errors: 0, Skipped: 0, Time elapsed: 0.201 s -- in ai.pipestream.quic.v2.InputStoreFundingTest
[INFO] Tests run: 2, Failures: 0, Errors: 0, Skipped: 0, Time elapsed: 0.427 s -- in ai.pipestream.quic.v2.InputStorePinnedInstallTest
[INFO] Tests run: 6, Failures: 0, Errors: 0, Skipped: 0, Time elapsed: 0.293 s -- in ai.pipestream.quic.v2.InputStoreReaderPinsTest
[INFO] Tests run: 4, Failures: 0, Errors: 0, Skipped: 0, Time elapsed: 0.164 s -- in ai.pipestream.quic.v2.InputStoreReceiverPinsTest
[INFO] Tests run: 1, Failures: 0, Errors: 0, Skipped: 0, Time elapsed: 0.459 s -- in ai.pipestream.quic.v2.InputStoreRecoverySyncTest
[INFO] Tests run: 3, Failures: 0, Errors: 0, Skipped: 0, Time elapsed: 0.130 s -- in ai.pipestream.quic.v2.InputStoreRecoveryTest
[INFO] Tests run: 1, Failures: 0, Errors: 0, Skipped: 0, Time elapsed: 0.404 s -- in ai.pipestream.quic.v2.InputStoreResourceTest
[INFO] Tests run: 13, Failures: 0, Errors: 0, Skipped: 0, Time elapsed: 1.230 s -- in ai.pipestream.quic.v2.InputStoreTest
[INFO] Tests run: 1, Failures: 0, Errors: 0, Skipped: 0, Time elapsed: 16.10 s -- in ai.pipestream.quic.v2.LossyTransportCreditTest
[INFO] Tests run: 1, Failures: 0, Errors: 0, Skipped: 0, Time elapsed: 0.465 s -- in ai.pipestream.quic.v2.MigrationWireTest
[INFO] Tests run: 3, Failures: 0, Errors: 0, Skipped: 0, Time elapsed: 1.369 s -- in ai.pipestream.quic.v2.OrphanRetainedReleaseTest
[INFO] Tests run: 3, Failures: 0, Errors: 0, Skipped: 0, Time elapsed: 0.742 s -- in ai.pipestream.quic.v2.OrphanScanTest
[INFO] Tests run: 6, Failures: 0, Errors: 0, Skipped: 0, Time elapsed: 1.682 s -- in ai.pipestream.quic.v2.OrphanStoreTest
[INFO] Tests run: 1, Failures: 0, Errors: 0, Skipped: 0, Time elapsed: 2.215 s -- in ai.pipestream.quic.v2.OrphanStoreRecoveryTest
[INFO] Tests run: 2, Failures: 0, Errors: 0, Skipped: 0, Time elapsed: 1.068 s -- in ai.pipestream.quic.v2.OutputRetentionDependencyTest
[INFO] Tests run: 3, Failures: 0, Errors: 0, Skipped: 0, Time elapsed: 1.728 s -- in ai.pipestream.quic.v2.OutputRetentionGeometryTest
[INFO] Tests run: 1, Failures: 0, Errors: 0, Skipped: 0, Time elapsed: 5.201 s -- in ai.pipestream.quic.v2.OutputRetentionStoreRecoveryTest
[INFO] Tests run: 9, Failures: 0, Errors: 0, Skipped: 0, Time elapsed: 6.276 s -- in ai.pipestream.quic.v2.OutputRetentionStoreTest
[INFO] Tests run: 1, Failures: 0, Errors: 0, Skipped: 0, Time elapsed: 2.731 s -- in ai.pipestream.quic.v2.OutputStoreReclaimRecoveryTest
[INFO] Tests run: 3, Failures: 0, Errors: 0, Skipped: 0, Time elapsed: 0.361 s -- in ai.pipestream.quic.v2.OutputStoreReclaimTest
[INFO] Tests run: 1, Failures: 0, Errors: 0, Skipped: 0, Time elapsed: 0.496 s -- in ai.pipestream.quic.v2.OutputStoreRecoveryTest
[INFO] Tests run: 1, Failures: 0, Errors: 0, Skipped: 0, Time elapsed: 0.448 s -- in ai.pipestream.quic.v2.OutputStoreResourceTest
[INFO] Tests run: 3, Failures: 0, Errors: 0, Skipped: 0, Time elapsed: 0.239 s -- in ai.pipestream.quic.v2.OutputStoreTest
[INFO] Tests run: 8, Failures: 0, Errors: 0, Skipped: 0, Time elapsed: 17.75 s -- in ai.pipestream.quic.v2.PeerRuleWireTest
[INFO] Tests run: 6, Failures: 0, Errors: 0, Skipped: 0, Time elapsed: 2.889 s -- in ai.pipestream.quic.v2.ProducedAdmissionTest
[INFO] Tests run: 5, Failures: 0, Errors: 0, Skipped: 0, Time elapsed: 1.660 s -- in ai.pipestream.quic.v2.ProducedDeclarationTest
[INFO] Tests run: 1, Failures: 0, Errors: 0, Skipped: 0, Time elapsed: 0.483 s -- in ai.pipestream.quic.v2.ProducedInputOrphanRaceTest
[INFO] Tests run: 1, Failures: 0, Errors: 0, Skipped: 0, Time elapsed: 1.280 s -- in ai.pipestream.quic.v2.ProducedRecoveryTest
[INFO] Tests run: 1, Failures: 0, Errors: 0, Skipped: 0, Time elapsed: 0.733 s -- in ai.pipestream.quic.v2.PublicationStoreCapacityTest
[INFO] Tests run: 1, Failures: 0, Errors: 0, Skipped: 0, Time elapsed: 1.054 s -- in ai.pipestream.quic.v2.PublicationStoreRecoveryTest
[INFO] Tests run: 5, Failures: 0, Errors: 0, Skipped: 0, Time elapsed: 2.022 s -- in ai.pipestream.quic.v2.PublicationStoreTest
[INFO] Tests run: 2, Failures: 0, Errors: 0, Skipped: 0, Time elapsed: 0.001 s -- in ai.pipestream.quic.v2.RefusalCodeRegistryTest
[INFO] Tests run: 1, Failures: 0, Errors: 0, Skipped: 0, Time elapsed: 2.403 s -- in ai.pipestream.quic.v2.ResultAbortWireTest
[INFO] Tests run: 2, Failures: 0, Errors: 0, Skipped: 0, Time elapsed: 0.736 s -- in ai.pipestream.quic.v2.ResultDeliveryWireGapTest
[INFO] Tests run: 5, Failures: 0, Errors: 0, Skipped: 0, Time elapsed: 2.912 s -- in ai.pipestream.quic.v2.ResultServiceTest
[INFO] Tests run: 12, Failures: 0, Errors: 0, Skipped: 0, Time elapsed: 4.806 s -- in ai.pipestream.quic.v2.ResultStoreTest
[INFO] Tests run: 8, Failures: 0, Errors: 0, Skipped: 0, Time elapsed: 3.773 s -- in ai.pipestream.quic.v2.RetentionServiceTest
[INFO] Tests run: 1, Failures: 0, Errors: 0, Skipped: 0, Time elapsed: 2.577 s -- in ai.pipestream.quic.v2.RetentionStoreRecoveryTest
[INFO] Tests run: 12, Failures: 0, Errors: 0, Skipped: 0, Time elapsed: 6.187 s -- in ai.pipestream.quic.v2.RetentionStoreTest
[INFO] Tests run: 1, Failures: 0, Errors: 0, Skipped: 0, Time elapsed: 1.254 s -- in ai.pipestream.quic.v2.RetirementChildScopeTest
[INFO] Tests run: 5, Failures: 0, Errors: 0, Skipped: 0, Time elapsed: 1.304 s -- in ai.pipestream.quic.v2.RetirementIntegrityTest
[INFO] Tests run: 5, Failures: 0, Errors: 0, Skipped: 0, Time elapsed: 0.002 s -- in ai.pipestream.quic.v2.RetirementRecordTest
[INFO] Tests run: 3, Failures: 0, Errors: 0, Skipped: 0, Time elapsed: 0.863 s -- in ai.pipestream.quic.v2.RetirementServiceTest
[INFO] Tests run: 5, Failures: 0, Errors: 0, Skipped: 0, Time elapsed: 2.829 s -- in ai.pipestream.quic.v2.RetryStoreFailureTest
[INFO] Tests run: 9, Failures: 0, Errors: 0, Skipped: 0, Time elapsed: 3.891 s -- in ai.pipestream.quic.v2.RetryStoreTest
[INFO] Tests run: 5, Failures: 0, Errors: 0, Skipped: 0, Time elapsed: 0.003 s -- in ai.pipestream.quic.v2.SchemaBoundsAndRegistryTest
[INFO] Tests run: 2, Failures: 0, Errors: 0, Skipped: 0, Time elapsed: 0.466 s -- in ai.pipestream.quic.v2.ScopePagingWireTest
[INFO] Tests run: 1, Failures: 0, Errors: 0, Skipped: 0, Time elapsed: 24.55 s -- in ai.pipestream.quic.v2.SessionLogGrowthTest
[INFO] Tests run: 1, Failures: 0, Errors: 0, Skipped: 0, Time elapsed: 4.957 s -- in ai.pipestream.quic.v2.SessionRetirementCrashTest
[INFO] Tests run: 6, Failures: 0, Errors: 0, Skipped: 0, Time elapsed: 2.699 s -- in ai.pipestream.quic.v2.SessionRetirementTest
[INFO] Tests run: 13, Failures: 0, Errors: 0, Skipped: 0, Time elapsed: 2.119 s -- in ai.pipestream.quic.v2.SessionStoreTest
[INFO] Tests run: 3, Failures: 0, Errors: 0, Skipped: 0, Time elapsed: 0.910 s -- in ai.pipestream.quic.v2.StoreBindingRecoveryTest
[INFO] Tests run: 6, Failures: 0, Errors: 0, Skipped: 0, Time elapsed: 0.975 s -- in ai.pipestream.quic.v2.StoreBindingTest
[INFO] Tests run: 5, Failures: 0, Errors: 0, Skipped: 0, Time elapsed: 0.315 s -- in ai.pipestream.quic.v2.StreamTransportTest
[INFO] Tests run: 1, Failures: 0, Errors: 0, Skipped: 0, Time elapsed: 0.001 s -- in ai.pipestream.quic.v2.TransportDependencyTest
[INFO] Tests run: 6, Failures: 0, Errors: 0, Skipped: 0, Time elapsed: 0.003 s -- in ai.pipestream.quic.v2.V2ObjectStreamTest
[INFO] Tests run: 11, Failures: 0, Errors: 0, Skipped: 0, Time elapsed: 0.005 s -- in ai.pipestream.quic.v2.V2ClientCorrelationTest
[INFO] Tests run: 1, Failures: 0, Errors: 0, Skipped: 0, Time elapsed: 1.620 s -- in ai.pipestream.quic.v2.V2CommitmentResourceTest
[INFO] Tests run: 16, Failures: 0, Errors: 0, Skipped: 0, Time elapsed: 0.390 s -- in ai.pipestream.quic.v2.V2CommitmentsTest
[INFO] Tests run: 13, Failures: 0, Errors: 0, Skipped: 0, Time elapsed: 2.176 s -- in ai.pipestream.quic.v2.V2CoreClientTest
[INFO] Tests run: 13, Failures: 0, Errors: 0, Skipped: 0, Time elapsed: 3.240 s -- in ai.pipestream.quic.v2.V2CoreServerTest
[INFO] Tests run: 1, Failures: 0, Errors: 0, Skipped: 0, Time elapsed: 23.50 s -- in ai.pipestream.quic.v2.V2MainProcessTest
[INFO] Tests run: 4, Failures: 0, Errors: 0, Skipped: 0, Time elapsed: 0.190 s -- in ai.pipestream.quic.v2.V2MainStorageFundingTest
[INFO] Tests run: 1, Failures: 0, Errors: 0, Skipped: 0, Time elapsed: 0.077 s -- in ai.pipestream.quic.v2.V2ObjectResourceTest
[INFO] Tests run: 9, Failures: 0, Errors: 0, Skipped: 0, Time elapsed: 2.328 s -- in ai.pipestream.quic.v2.V2TlsTest
[INFO] Tests run: 77, Failures: 0, Errors: 0, Skipped: 0, Time elapsed: 0.016 s -- in ai.pipestream.quic.v2.V2WireTest
[INFO] Tests run: 6, Failures: 0, Errors: 0, Skipped: 0, Time elapsed: 23.45 s -- in ai.pipestream.quic.SealedCheckpointStoreTest
[INFO] Tests run: 9, Failures: 0, Errors: 0, Skipped: 0, Time elapsed: 40.21 s -- in ai.pipestream.quic.SealedCompletionReservationsTest
[INFO] Tests run: 8, Failures: 0, Errors: 0, Skipped: 0, Time elapsed: 5.040 s -- in ai.pipestream.quic.SealedExecutorTest
[INFO] Tests run: 15, Failures: 0, Errors: 0, Skipped: 0, Time elapsed: 1.907 s -- in ai.pipestream.quic.SealedPayloadStoreTest
[INFO] Tests run: 3, Failures: 0, Errors: 0, Skipped: 0, Time elapsed: 0.001 s -- in ai.pipestream.quic.SealedScopeTest
[INFO] Tests run: 4, Failures: 0, Errors: 0, Skipped: 0, Time elapsed: 0.768 s -- in ai.pipestream.quic.SealedStateImagesTest
[INFO] Tests run: 14, Failures: 0, Errors: 0, Skipped: 0, Time elapsed: 2.126 s -- in ai.pipestream.quic.SealedStoreBindingTest
[INFO] Tests run: 3, Failures: 0, Errors: 0, Skipped: 0, Time elapsed: 0 s -- in ai.pipestream.quic.TlsPeerIdentityTest
[INFO] Tests run: 792, Failures: 0, Errors: 0, Skipped: 0
[INFO] BUILD SUCCESS
RUN_EXIT=0 at 2026-09-12T20:25:41Z
QUEUED_RUN_DONE
