start 2026-09-16T13:20:23Z tree bb269713 tests=DurableWireNegativeTest,SessionLogGrowthTest,PeerRuleWireTest,DurableAuthorizationTest,ExecutionRuntimeResourceTest,FundingScaleTest,ExecutionRuntimeTest,ResultStoreTest,FenceStoreTest,OutputRetentionStoreRecoveryTest,RetentionServiceTest,RetryStoreFailureTest,DeclarationStoreTest,DurableLifecycleTest,ExpansionTransitionTest,ExecutionSchedulerTest,ClosureReconciliationTest,OutputStoreReclaimRecoveryTest,SessionRetirementTest,ClosureReconciliationRecoveryTest,ExecutionStoreRecoveryTest,InputInstallReclaimRaceTest,OrphanStoreRecoveryTest,CancellationReconciliationTest,ClosureReconciliationCapacityTest,SessionStoreTest,ClientRecoveryTest,RetirementIntegrityTest,PublicationStoreTest,ExecutionDiscoveryTest,ClientControlTimeoutOptionTest,BranchExecutionRecoveryTest,AuthorityExpansionRuntimeTest,ControlWaitServiceTest,ExecutionClosureTest,OutputRetentionGeometryTest,InputStoreTest,AdmissionStoreRecoveryTest,OutputRetentionDependencyTest,AuthorizationClockRecoveryTest,StoreBindingRecoveryTest,AuthorityRuleClientTest,OrphanScanTest,ClientJournalFaultTest,ExecutionSchedulerRecoveryTest,CheckpointObservationTest,ExecutionStorePolicyTest,ExecutionStoreCapacityTest,ProducedInputOrphanRaceTest,InputStoreRecoverySyncTest,OutputStoreResourceTest,InputStoreResourceTest,V2CommitmentsTest,DurableClientContradictionTest,InputStoreReaderPinsTest,InputReceiverCreditTest,InputStoreFundingTest,V2MainStorageFundingTest,InputStoreRecoveryTest,V2WireTest,SchemaBoundsAndRegistryTest,RetirementRecordTest,RefusalCodeRegistryTest
[INFO] Tests run: 1, Failures: 0, Errors: 0, Skipped: 0, Time elapsed: 1.164 s -- in ai.pipestream.quic.v2.AdmissionStoreRecoveryTest
[INFO] Tests run: 2, Failures: 0, Errors: 0, Skipped: 0, Time elapsed: 1.557 s -- in ai.pipestream.quic.v2.AuthorityExpansionRuntimeTest
[INFO] Tests run: 4, Failures: 0, Errors: 0, Skipped: 0, Time elapsed: 1.085 s -- in ai.pipestream.quic.v2.AuthorityRuleClientTest
[INFO] Tests run: 1, Failures: 0, Errors: 0, Skipped: 0, Time elapsed: 1.108 s -- in ai.pipestream.quic.v2.AuthorizationClockRecoveryTest
[INFO] Tests run: 2, Failures: 0, Errors: 0, Skipped: 0, Time elapsed: 1.636 s -- in ai.pipestream.quic.v2.BranchExecutionRecoveryTest
[INFO] Tests run: 5, Failures: 0, Errors: 0, Skipped: 0, Time elapsed: 2.124 s -- in ai.pipestream.quic.v2.CancellationReconciliationTest
[INFO] Tests run: 4, Failures: 0, Errors: 0, Skipped: 0, Time elapsed: 0.578 s -- in ai.pipestream.quic.v2.CheckpointObservationTest
[INFO] Tests run: 1, Failures: 0, Errors: 0, Skipped: 0, Time elapsed: 1.667 s -- in ai.pipestream.quic.v2.ClientControlTimeoutOptionTest
[INFO] Tests run: 1, Failures: 0, Errors: 0, Skipped: 0, Time elapsed: 0.737 s -- in ai.pipestream.quic.v2.ClientJournalFaultTest
[INFO] Tests run: 3, Failures: 0, Errors: 0, Skipped: 0, Time elapsed: 2.046 s -- in ai.pipestream.quic.v2.ClientRecoveryTest
[INFO] Tests run: 1, Failures: 0, Errors: 0, Skipped: 0, Time elapsed: 2.208 s -- in ai.pipestream.quic.v2.ClosureReconciliationCapacityTest
[INFO] Tests run: 2, Failures: 0, Errors: 0, Skipped: 0, Time elapsed: 2.642 s -- in ai.pipestream.quic.v2.ClosureReconciliationRecoveryTest
[INFO] Tests run: 8, Failures: 0, Errors: 0, Skipped: 0, Time elapsed: 2.985 s -- in ai.pipestream.quic.v2.ClosureReconciliationTest
[INFO] Tests run: 5, Failures: 0, Errors: 0, Skipped: 0, Time elapsed: 1.482 s -- in ai.pipestream.quic.v2.ControlWaitServiceTest
[INFO] Tests run: 12, Failures: 0, Errors: 0, Skipped: 0, Time elapsed: 3.496 s -- in ai.pipestream.quic.v2.DeclarationStoreTest
[INFO] Tests run: 4, Failures: 0, Errors: 0, Skipped: 0, Time elapsed: 11.16 s -- in ai.pipestream.quic.v2.DurableAuthorizationTest
[INFO] Tests run: 3, Failures: 0, Errors: 0, Skipped: 0, Time elapsed: 0.359 s -- in ai.pipestream.quic.v2.DurableClientContradictionTest
[INFO] Tests run: 4, Failures: 0, Errors: 0, Skipped: 0, Time elapsed: 3.270 s -- in ai.pipestream.quic.v2.DurableLifecycleTest
[INFO] Tests run: 8, Failures: 0, Errors: 0, Skipped: 0, Time elapsed: 40.56 s -- in ai.pipestream.quic.v2.DurableWireNegativeTest
[INFO] Tests run: 4, Failures: 0, Errors: 0, Skipped: 0, Time elapsed: 1.396 s -- in ai.pipestream.quic.v2.ExecutionClosureTest
[INFO] Tests run: 5, Failures: 0, Errors: 0, Skipped: 0, Time elapsed: 1.760 s -- in ai.pipestream.quic.v2.ExecutionDiscoveryTest
[INFO] Tests run: 1, Failures: 0, Errors: 0, Skipped: 0, Time elapsed: 7.826 s -- in ai.pipestream.quic.v2.ExecutionRuntimeResourceTest
[INFO] Tests run: 10, Failures: 0, Errors: 0, Skipped: 0, Time elapsed: 5.204 s -- in ai.pipestream.quic.v2.ExecutionRuntimeTest
[INFO] Tests run: 1, Failures: 0, Errors: 0, Skipped: 0, Time elapsed: 0.729 s -- in ai.pipestream.quic.v2.ExecutionSchedulerRecoveryTest
[INFO] Tests run: 6, Failures: 0, Errors: 0, Skipped: 0, Time elapsed: 3.043 s -- in ai.pipestream.quic.v2.ExecutionSchedulerTest
[INFO] Tests run: 1, Failures: 0, Errors: 0, Skipped: 0, Time elapsed: 0.515 s -- in ai.pipestream.quic.v2.ExecutionStoreCapacityTest
[INFO] Tests run: 2, Failures: 0, Errors: 0, Skipped: 0, Time elapsed: 0.563 s -- in ai.pipestream.quic.v2.ExecutionStorePolicyTest
[INFO] Tests run: 4, Failures: 0, Errors: 0, Skipped: 0, Time elapsed: 2.495 s -- in ai.pipestream.quic.v2.ExecutionStoreRecoveryTest
[INFO] Tests run: 5, Failures: 0, Errors: 0, Skipped: 0, Time elapsed: 3.208 s -- in ai.pipestream.quic.v2.ExpansionTransitionTest
[INFO] Tests run: 14, Failures: 0, Errors: 0, Skipped: 0, Time elapsed: 4.226 s -- in ai.pipestream.quic.v2.FenceStoreTest
[INFO] Tests run: 2, Failures: 0, Errors: 0, Skipped: 0, Time elapsed: 6.935 s -- in ai.pipestream.quic.v2.FundingScaleTest
[INFO] Tests run: 1, Failures: 0, Errors: 0, Skipped: 0, Time elapsed: 2.367 s -- in ai.pipestream.quic.v2.InputInstallReclaimRaceTest
[INFO] Tests run: 13, Failures: 0, Errors: 0, Skipped: 0, Time elapsed: 1.205 s -- in ai.pipestream.quic.v2.InputStoreTest
[INFO] Tests run: 5, Failures: 0, Errors: 0, Skipped: 0, Time elapsed: 0.341 s -- in ai.pipestream.quic.v2.InputReceiverCreditTest
[INFO] Tests run: 4, Failures: 0, Errors: 0, Skipped: 0, Time elapsed: 0.283 s -- in ai.pipestream.quic.v2.InputStoreFundingTest
[INFO] Tests run: 6, Failures: 0, Errors: 0, Skipped: 0, Time elapsed: 0.392 s -- in ai.pipestream.quic.v2.InputStoreReaderPinsTest
[INFO] Tests run: 1, Failures: 0, Errors: 0, Skipped: 0, Time elapsed: 0.688 s -- in ai.pipestream.quic.v2.InputStoreRecoverySyncTest
[INFO] Tests run: 3, Failures: 0, Errors: 0, Skipped: 0, Time elapsed: 0.167 s -- in ai.pipestream.quic.v2.InputStoreRecoveryTest
[INFO] Tests run: 1, Failures: 0, Errors: 0, Skipped: 0, Time elapsed: 0.430 s -- in ai.pipestream.quic.v2.InputStoreResourceTest
[INFO] Tests run: 3, Failures: 0, Errors: 0, Skipped: 0, Time elapsed: 0.957 s -- in ai.pipestream.quic.v2.OrphanScanTest
[INFO] Tests run: 1, Failures: 0, Errors: 0, Skipped: 0, Time elapsed: 2.264 s -- in ai.pipestream.quic.v2.OrphanStoreRecoveryTest
[INFO] Tests run: 2, Failures: 0, Errors: 0, Skipped: 0, Time elapsed: 0.953 s -- in ai.pipestream.quic.v2.OutputRetentionDependencyTest
[INFO] Tests run: 3, Failures: 0, Errors: 0, Skipped: 0, Time elapsed: 1.208 s -- in ai.pipestream.quic.v2.OutputRetentionGeometryTest
[INFO] Tests run: 1, Failures: 0, Errors: 0, Skipped: 0, Time elapsed: 4.120 s -- in ai.pipestream.quic.v2.OutputRetentionStoreRecoveryTest
[INFO] Tests run: 1, Failures: 0, Errors: 0, Skipped: 0, Time elapsed: 3.830 s -- in ai.pipestream.quic.v2.OutputStoreReclaimRecoveryTest
[INFO] Tests run: 1, Failures: 0, Errors: 0, Skipped: 0, Time elapsed: 0.488 s -- in ai.pipestream.quic.v2.OutputStoreResourceTest
[INFO] Tests run: 8, Failures: 0, Errors: 0, Skipped: 0, Time elapsed: 20.77 s -- in ai.pipestream.quic.v2.PeerRuleWireTest
[INFO] Tests run: 1, Failures: 0, Errors: 0, Skipped: 0, Time elapsed: 0.493 s -- in ai.pipestream.quic.v2.ProducedInputOrphanRaceTest
[INFO] Tests run: 5, Failures: 0, Errors: 0, Skipped: 0, Time elapsed: 1.810 s -- in ai.pipestream.quic.v2.PublicationStoreTest
[INFO] Tests run: 2, Failures: 0, Errors: 0, Skipped: 0, Time elapsed: 0.002 s -- in ai.pipestream.quic.v2.RefusalCodeRegistryTest
[INFO] Tests run: 12, Failures: 0, Errors: 0, Skipped: 0, Time elapsed: 4.878 s -- in ai.pipestream.quic.v2.ResultStoreTest
[INFO] Tests run: 8, Failures: 0, Errors: 0, Skipped: 0, Time elapsed: 3.842 s -- in ai.pipestream.quic.v2.RetentionServiceTest
[INFO] Tests run: 5, Failures: 0, Errors: 0, Skipped: 0, Time elapsed: 1.316 s -- in ai.pipestream.quic.v2.RetirementIntegrityTest
[INFO] Tests run: 5, Failures: 0, Errors: 0, Skipped: 0, Time elapsed: 0.002 s -- in ai.pipestream.quic.v2.RetirementRecordTest
[INFO] Tests run: 5, Failures: 0, Errors: 0, Skipped: 0, Time elapsed: 2.888 s -- in ai.pipestream.quic.v2.RetryStoreFailureTest
[INFO] Tests run: 5, Failures: 0, Errors: 0, Skipped: 0, Time elapsed: 0.004 s -- in ai.pipestream.quic.v2.SchemaBoundsAndRegistryTest
[INFO] Tests run: 1, Failures: 0, Errors: 0, Skipped: 0, Time elapsed: 25.64 s -- in ai.pipestream.quic.v2.SessionLogGrowthTest
[INFO] Tests run: 6, Failures: 0, Errors: 0, Skipped: 0, Time elapsed: 2.815 s -- in ai.pipestream.quic.v2.SessionRetirementTest
[INFO] Tests run: 14, Failures: 0, Errors: 0, Skipped: 0, Time elapsed: 2.198 s -- in ai.pipestream.quic.v2.SessionStoreTest
[INFO] Tests run: 3, Failures: 0, Errors: 0, Skipped: 0, Time elapsed: 0.926 s -- in ai.pipestream.quic.v2.StoreBindingRecoveryTest
[INFO] Tests run: 17, Failures: 0, Errors: 0, Skipped: 0, Time elapsed: 0.384 s -- in ai.pipestream.quic.v2.V2CommitmentsTest
[INFO] Tests run: 4, Failures: 0, Errors: 0, Skipped: 0, Time elapsed: 0.164 s -- in ai.pipestream.quic.v2.V2MainStorageFundingTest
[INFO] Tests run: 78, Failures: 0, Errors: 0, Skipped: 0, Time elapsed: 0.019 s -- in ai.pipestream.quic.v2.V2WireTest
[INFO] Tests run: 351, Failures: 0, Errors: 0, Skipped: 0
[INFO] BUILD SUCCESS
RUN_EXIT=0 at 2026-09-16T13:23:52Z
